Archive member included to satisfy reference by file (symbol)

C:/ST/STM32CubeIDE_1.13.0/STM32CubeIDE/plugins/com.st.stm32cube.ide.mcu.externaltools.gnu-tools-for-stm32.11.3.rel1.win32_1.1.0.202305231506/tools/bin/../lib/gcc/arm-none-eabi/11.3.1/../../../../arm-none-eabi/lib/thumb/v7-m/nofp\libc_nano.a(libc_a-exit.o)
                              C:/ST/STM32CubeIDE_1.13.0/STM32CubeIDE/plugins/com.st.stm32cube.ide.mcu.externaltools.gnu-tools-for-stm32.11.3.rel1.win32_1.1.0.202305231506/tools/bin/../lib/gcc/arm-none-eabi/11.3.1/../../../../arm-none-eabi/lib/thumb/v7-m/nofp/crt0.o (exit)
C:/ST/STM32CubeIDE_1.13.0/STM32CubeIDE/plugins/com.st.stm32cube.ide.mcu.externaltools.gnu-tools-for-stm32.11.3.rel1.win32_1.1.0.202305231506/tools/bin/../lib/gcc/arm-none-eabi/11.3.1/../../../../arm-none-eabi/lib/thumb/v7-m/nofp\libc_nano.a(libc_a-findfp.o)
                              C:/ST/STM32CubeIDE_1.13.0/STM32CubeIDE/plugins/com.st.stm32cube.ide.mcu.externaltools.gnu-tools-for-stm32.11.3.rel1.win32_1.1.0.202305231506/tools/bin/../lib/gcc/arm-none-eabi/11.3.1/../../../../arm-none-eabi/lib/thumb/v7-m/nofp\libc_nano.a(libc_a-exit.o) (__stdio_exit_handler)
C:/ST/STM32CubeIDE_1.13.0/STM32CubeIDE/plugins/com.st.stm32cube.ide.mcu.externaltools.gnu-tools-for-stm32.11.3.rel1.win32_1.1.0.202305231506/tools/bin/../lib/gcc/arm-none-eabi/11.3.1/../../../../arm-none-eabi/lib/thumb/v7-m/nofp\libc_nano.a(libc_a-fwalk.o)
                              C:/ST/STM32CubeIDE_1.13.0/STM32CubeIDE/plugins/com.st.stm32cube.ide.mcu.externaltools.gnu-tools-for-stm32.11.3.rel1.win32_1.1.0.202305231506/tools/bin/../lib/gcc/arm-none-eabi/11.3.1/../../../../arm-none-eabi/lib/thumb/v7-m/nofp\libc_nano.a(libc_a-findfp.o) (_fwalk_sglue)
C:/ST/STM32CubeIDE_1.13.0/STM32CubeIDE/plugins/com.st.stm32cube.ide.mcu.externaltools.gnu-tools-for-stm32.11.3.rel1.win32_1.1.0.202305231506/tools/bin/../lib/gcc/arm-none-eabi/11.3.1/../../../../arm-none-eabi/lib/thumb/v7-m/nofp\libc_nano.a(libc_a-sprintf.o)
                              ./Core/Src/main.o (sprintf)
C:/ST/STM32CubeIDE_1.13.0/STM32CubeIDE/plugins/com.st.stm32cube.ide.mcu.externaltools.gnu-tools-for-stm32.11.3.rel1.win32_1.1.0.202305231506/tools/bin/../lib/gcc/arm-none-eabi/11.3.1/../../../../arm-none-eabi/lib/thumb/v7-m/nofp\libc_nano.a(libc_a-stdio.o)
                              C:/ST/STM32CubeIDE_1.13.0/STM32CubeIDE/plugins/com.st.stm32cube.ide.mcu.externaltools.gnu-tools-for-stm32.11.3.rel1.win32_1.1.0.202305231506/tools/bin/../lib/gcc/arm-none-eabi/11.3.1/../../../../arm-none-eabi/lib/thumb/v7-m/nofp\libc_nano.a(libc_a-findfp.o) (__sread)
C:/ST/STM32CubeIDE_1.13.0/STM32CubeIDE/plugins/com.st.stm32cube.ide.mcu.externaltools.gnu-tools-for-stm32.11.3.rel1.win32_1.1.0.202305231506/tools/bin/../lib/gcc/arm-none-eabi/11.3.1/../../../../arm-none-eabi/lib/thumb/v7-m/nofp\libc_nano.a(libc_a-memset.o)
                              C:/ST/STM32CubeIDE_1.13.0/STM32CubeIDE/plugins/com.st.stm32cube.ide.mcu.externaltools.gnu-tools-for-stm32.11.3.rel1.win32_1.1.0.202305231506/tools/bin/../lib/gcc/arm-none-eabi/11.3.1/../../../../arm-none-eabi/lib/thumb/v7-m/nofp/crt0.o (memset)
C:/ST/STM32CubeIDE_1.13.0/STM32CubeIDE/plugins/com.st.stm32cube.ide.mcu.externaltools.gnu-tools-for-stm32.11.3.rel1.win32_1.1.0.202305231506/tools/bin/../lib/gcc/arm-none-eabi/11.3.1/../../../../arm-none-eabi/lib/thumb/v7-m/nofp\libc_nano.a(libc_a-closer.o)
                              C:/ST/STM32CubeIDE_1.13.0/STM32CubeIDE/plugins/com.st.stm32cube.ide.mcu.externaltools.gnu-tools-for-stm32.11.3.rel1.win32_1.1.0.202305231506/tools/bin/../lib/gcc/arm-none-eabi/11.3.1/../../../../arm-none-eabi/lib/thumb/v7-m/nofp\libc_nano.a(libc_a-stdio.o) (_close_r)
C:/ST/STM32CubeIDE_1.13.0/STM32CubeIDE/plugins/com.st.stm32cube.ide.mcu.externaltools.gnu-tools-for-stm32.11.3.rel1.win32_1.1.0.202305231506/tools/bin/../lib/gcc/arm-none-eabi/11.3.1/../../../../arm-none-eabi/lib/thumb/v7-m/nofp\libc_nano.a(libc_a-reent.o)
                              C:/ST/STM32CubeIDE_1.13.0/STM32CubeIDE/plugins/com.st.stm32cube.ide.mcu.externaltools.gnu-tools-for-stm32.11.3.rel1.win32_1.1.0.202305231506/tools/bin/../lib/gcc/arm-none-eabi/11.3.1/../../../../arm-none-eabi/lib/thumb/v7-m/nofp\libc_nano.a(libc_a-closer.o) (errno)
C:/ST/STM32CubeIDE_1.13.0/STM32CubeIDE/plugins/com.st.stm32cube.ide.mcu.externaltools.gnu-tools-for-stm32.11.3.rel1.win32_1.1.0.202305231506/tools/bin/../lib/gcc/arm-none-eabi/11.3.1/../../../../arm-none-eabi/lib/thumb/v7-m/nofp\libc_nano.a(libc_a-impure.o)
                              C:/ST/STM32CubeIDE_1.13.0/STM32CubeIDE/plugins/com.st.stm32cube.ide.mcu.externaltools.gnu-tools-for-stm32.11.3.rel1.win32_1.1.0.202305231506/tools/bin/../lib/gcc/arm-none-eabi/11.3.1/../../../../arm-none-eabi/lib/thumb/v7-m/nofp\libc_nano.a(libc_a-sprintf.o) (_impure_ptr)
[...]
Memory Configuration

Name             Origin             Length             Attributes
RAM              0x0000000020000000 0x0000000000005000 xrw
FLASH            0x0000000008000000 0x0000000000010000 xr
*default*        0x0000000000000000 0xffffffffffffffff

Linker script and memory map

LOAD C:/ST/STM32CubeIDE_1.13.0/STM32CubeIDE/plugins/com.st.stm32cube.ide.mcu.externaltools.gnu-tools-for-stm32.11.3.rel1.win32_1.1.0.202305231506/tools/bin/../lib/gcc/arm-none-eabi/11.3.1/thumb/v7-m/nofp/crti.o
LOAD C:/ST/STM32CubeIDE_1.13.0/STM32CubeIDE/plugins/com.st.stm32cube.ide.mcu.externaltools.gnu-tools-for-stm32.11.3.rel1.win32_1.1.0.202305231506/tools/bin/../lib/gcc/arm-none-eabi/11.3.1/thumb/v7-m/nofp/crtbegin.o
LOAD C:/ST/STM32CubeIDE_1.13.0/STM32CubeIDE/plugins/com.st.stm32cube.ide.mcu.externaltools.gnu-tools-for-stm32.11.3.rel1.win32_1.1.0.202305231506/tools/bin/../lib/gcc/arm-none-eabi/11.3.1/../../../../arm-none-eabi/lib/thumb/v7-m/nofp/crt0.o
LOAD ./Core/Src/main.o
LOAD ./Core/Src/stm32f1xx_hal_msp.o
LOAD ./Core/Src/stm32f1xx_it.o
LOAD ./Core/Src/syscalls.o
LOAD ./Core/Src/sysmem.o
LOAD ./Core/Src/system_stm32f1xx.o
LOAD ./Core/Startup/startup_stm32f103c8tx.o
LOAD ./Drivers/STM32F1xx_HAL_Driver/Src/stm32f1xx_hal.o
LOAD ./Drivers/STM32F1xx_HAL_Driver/Src/stm32f1xx_hal_cortex.o
LOAD ./Drivers/STM32F1xx_HAL_Driver/Src/stm32f1xx_hal_dma.o
LOAD ./Drivers/STM32F1xx_HAL_Driver/Src/stm32f1xx_hal_exti.o
LOAD ./Drivers/STM32F1xx_HAL_Driver/Src/stm32f1xx_hal_flash.o
LOAD ./Drivers/STM32F1xx_HAL_Driver/Src/stm32f1xx_hal_flash_ex.o
LOAD ./Drivers/STM32F1xx_HAL_Driver/Src/stm32f1xx_hal_gpio.o
LOAD ./Drivers/STM32F1xx_HAL_Driver/Src/stm32f1xx_hal_gpio_ex.o
LOAD ./Drivers/STM32F1xx_HAL_Driver/Src/stm32f1xx_hal_i2c.o
LOAD ./Drivers/STM32F1xx_HAL_Driver/Src/stm32f1xx_hal_pwr.o
LOAD ./Drivers/STM32F1xx_HAL_Driver/Src/stm32f1xx_hal_rcc.o
LOAD ./Drivers/STM32F1xx_HAL_Driver/Src/stm32f1xx_hal_rcc_ex.o
LOAD ./Drivers/STM32F1xx_HAL_Driver/Src/stm32f1xx_hal_tim.o
LOAD ./Drivers/STM32F1xx_HAL_Driver/Src/stm32f1xx_hal_tim_ex.o
LOAD ./LCD/LCD.o
START GROUP
LOAD C:/ST/STM32CubeIDE_1.13.0/STM32CubeIDE/plugins/com.st.stm32cube.ide.mcu.externaltools.gnu-tools-for-stm32.11.3.rel1.win32_1.1.0.202305231506/tools/bin/../lib/gcc/arm-none-eabi/11.3.1/../../../../arm-none-eabi/lib/thumb/v7-m/nofp\libc_nano.a
LOAD C:/ST/STM32CubeIDE_1.13.0/STM32CubeIDE/plugins/com.st.stm32cube.ide.mcu.externaltools.gnu-tools-for-stm32.11.3.rel1.win32_1.1.0.202305231506/tools/bin/../lib/gcc/arm-none-eabi/11.3.1/../../../../arm-none-eabi/lib/thumb/v7-m/nofp\libm.a
END GROUP
START GROUP
LOAD C:/ST/STM32CubeIDE_1.13.0/STM32CubeIDE/plugins/com.st.stm32cube.ide.mcu.externaltools.gnu-tools-for-stm32.11.3.rel1.win32_1.1.0.202305231506/tools/bin/../lib/gcc/arm-none-eabi/11.3.1/thumb/v7-m/nofp\libgcc.a
LOAD C:/ST/STM32CubeIDE_1.13.0/STM32CubeIDE/plugins/com.st.stm32cube.ide.mcu.externaltools.gnu-tools-for-stm32.11.3.rel1.win32_1.1.0.202305231506/tools/bin/../lib/gcc/arm-none-eabi/11.3.1/../../../../arm-none-eabi/lib/thumb/v7-m/nofp\libc_nano.a
END GROUP
START GROUP
LOAD C:/ST/STM32CubeIDE_1.13.0/STM32CubeIDE/plugins/com.st.stm32cube.ide.mcu.externaltools.gnu-tools-for-stm32.11.3.rel1.win32_1.1.0.202305231506/tools/bin/../lib/gcc/arm-none-eabi/11.3.1/thumb/v7-m/nofp\libgcc.a
LOAD C:/ST/STM32CubeIDE_1.13.0/STM32CubeIDE/plugins/com.st.stm32cube.ide.mcu.externaltools.gnu-tools-for-stm32.11.3.rel1.win32_1.1.0.202305231506/tools/bin/../lib/gcc/arm-none-eabi/11.3.1/../../../../arm-none-eabi/lib/thumb/v7-m/nofp\libc_nano.a
LOAD C:/ST/STM32CubeIDE_1.13.0/STM32CubeIDE/plugins/com.st.stm32cube.ide.mcu.externaltools.gnu-tools-for-stm32.11.3.rel1.win32_1.1.0.202305231506/tools/bin/../lib/gcc/arm-none-eabi/11.3.1/../../../../arm-none-eabi/lib/thumb/v7-m/nofp\libnosys.a
END GROUP
START GROUP
LOAD C:/ST/STM32CubeIDE_1.13.0/STM32CubeIDE/plugins/com.st.stm32cube.ide.mcu.externaltools.gnu-tools-for-stm32.11.3.rel1.win32_1.1.0.202305231506/tools/bin/../lib/gcc/arm-none-eabi/11.3.1/thumb/v7-m/nofp\libgcc.a
LOAD C:/ST/STM32CubeIDE_1.13.0/STM32CubeIDE/plugins/com.st.stm32cube.ide.mcu.externaltools.gnu-tools-for-stm32.11.3.rel1.win32_1.1.0.202305231506/tools/bin/../lib/gcc/arm-none-eabi/11.3.1/../../../../arm-none-eabi/lib/thumb/v7-m/nofp\libc_nano.a
LOAD C:/ST/STM32CubeIDE_1.13.0/STM32CubeIDE/plugins/com.st.stm32cube.ide.mcu.externaltools.gnu-tools-for-stm32.11.3.rel1.win32_1.1.0.202305231506/tools/bin/../lib/gcc/arm-none-eabi/11.3.1/../../../../arm-none-eabi/lib/thumb/v7-m/nofp\libnosys.a
END GROUP
LOAD C:/ST/STM32CubeIDE_1.13.0/STM32CubeIDE/plugins/com.st.stm32cube.ide.mcu.externaltools.gnu-tools-for-stm32.11.3.rel1.win32_1.1.0.202305231506/tools/bin/../lib/gcc/arm-none-eabi/11.3.1/thumb/v7-m/nofp/crtend.o
LOAD C:/ST/STM32CubeIDE_1.13.0/STM32CubeIDE/plugins/com.st.stm32cube.ide.mcu.externaltools.gnu-tools-for-stm32.11.3.rel1.win32_1.1.0.202305231506/tools/bin/../lib/gcc/arm-none-eabi/11.3.1/thumb/v7-m/nofp/crtn.o
                0x0000000020005000                _estack = (ORIGIN (RAM) + LENGTH (RAM))
                0x0000000000000200                _Min_Heap_Size = 0x200
                0x0000000000000400                _Min_Stack_Size = 0x400

.isr_vector     0x0000000008000000      0x10c
                0x0000000008000000                . = ALIGN (0x4)
 *(.isr_vector)
 .isr_vector    0x0000000008000000      0x10c ./Core/Startup/startup_stm32f103c8tx.o
                0x0000000008000000                g_pfnVectors
                0x000000000800010c                . = ALIGN (0x4)

.text           0x000000000800010c     0x5674
                0x000000000800010c                . = ALIGN (0x4)
 *(.text)
 .text          0x000000000800010c       0x40 C:/ST/STM32CubeIDE_1.13.0/STM32CubeIDE/plugins/com.st.stm32cube.ide.mcu.externaltools.gnu-tools-for-stm32.11.3.rel1.win32_1.1.0.202305231506/tools/bin/../lib/gcc/arm-none-eabi/11.3.1/thumb/v7-m/nofp/crtbegin.o
 *(.text*)
 .text.decToBcd
                0x000000000800014c       0x48 ./Core/Src/main.o
                0x000000000800014c                decToBcd
 .text.bcdToDec
                0x0000000008000194       0x2e ./Core/Src/main.o
                0x0000000008000194                bcdToDec
 *fill*         0x00000000080001c2        0x2 
 .text.Set_Time
                0x00000000080001c4       0xa0 ./Core/Src/main.o
                0x00000000080001c4                Set_Time
 .text.Get_Time
                0x0000000008000264       0xa0 ./Core/Src/main.o
                0x0000000008000264                Get_Time
 .text.lay_data_tu_lcd
                0x0000000008000304       0xea ./Core/Src/main.o
                0x0000000008000304                lay_data_tu_lcd
 *fill*         0x00000000080003ee        0x2 
 .text.main     0x00000000080003f0      0xba0 ./Core/Src/main.o
                0x00000000080003f0                main
 .text.SystemClock_Config
                0x0000000008000f90       0x8a ./Core/Src/main.o
                0x0000000008000f90                SystemClock_Config
 *fill*         0x000000000800101a        0x2 
 .text.MX_I2C1_Init
                0x000000000800101c       0x5c ./Core/Src/main.o
 .text.MX_TIM2_Init
                0x0000000008001078       0x98 ./Core/Src/main.o
 .text.MX_TIM3_Init
                0x0000000008001110       0x9c ./Core/Src/main.o
 .text.MX_TIM4_Init
                0x00000000080011ac       0x9c ./Core/Src/main.o
 .text.MX_GPIO_Init
                0x0000000008001248      0x178 ./Core/Src/main.o
 .text.HAL_GPIO_EXTI_Callback
                0x00000000080013c0      0x7cc ./Core/Src/main.o
                0x00000000080013c0                HAL_GPIO_EXTI_Callback
 .text.doc_dht11
                0x0000000008001b8c       0xbc ./Core/Src/main.o
                0x0000000008001b8c                doc_dht11
 .text.xu_ly_tick_dht11
                0x0000000008001c48       0xb0 ./Core/Src/main.o
                0x0000000008001c48                xu_ly_tick_dht11
 .text.HAL_TIM_PeriodElapsedCallback
                0x0000000008001cf8       0xfc ./Core/Src/main.o
                0x0000000008001cf8                HAL_TIM_PeriodElapsedCallback
 .text.Error_Handler
                0x0000000008001df4        0xa ./Core/Src/main.o
                0x0000000008001df4                Error_Handler
 *fill*         0x0000000008001dfe        0x2 
 .text.HAL_MspInit
                0x0000000008001e00       0x44 ./Core/Src/stm32f1xx_hal_msp.o
                0x0000000008001e00                HAL_MspInit
 .text.HAL_I2C_MspInit
                0x0000000008001e44       0x7c ./Core/Src/stm32f1xx_hal_msp.o
                0x0000000008001e44                HAL_I2C_MspInit
 .text.HAL_TIM_Base_MspInit
                0x0000000008001ec0       0xb8 ./Core/Src/stm32f1xx_hal_msp.o
                0x0000000008001ec0                HAL_TIM_Base_MspInit
 .text.NMI_Handler
                0x0000000008001f78        0x6 ./Core/Src/stm32f1xx_it.o
                0x0000000008001f78                NMI_Handler
 .text.HardFault_Handler
                0x0000000008001f7e        0x6 ./Core/Src/stm32f1xx_it.o
                0x0000000008001f7e                HardFault_Handler
 .text.MemManage_Handler
                0x0000000008001f84        0x6 ./Core/Src/stm32f1xx_it.o
                0x0000000008001f84                MemManage_Handler
 .text.BusFault_Handler
                0x0000000008001f8a        0x6 ./Core/Src/stm32f1xx_it.o
                0x0000000008001f8a                BusFault_Handler
 .text.UsageFault_Handler
                0x0000000008001f90        0x6 ./Core/Src/stm32f1xx_it.o
                0x0000000008001f90                UsageFault_Handler
 .text.SVC_Handler
                0x0000000008001f96        0xc ./Core/Src/stm32f1xx_it.o
                0x0000000008001f96                SVC_Handler
 .text.DebugMon_Handler
                0x0000000008001fa2        0xc ./Core/Src/stm32f1xx_it.o
                0x0000000008001fa2                DebugMon_Handler
 .text.PendSV_Handler
                0x0000000008001fae        0xc ./Core/Src/stm32f1xx_it.o
                0x0000000008001fae                PendSV_Handler
 .text.SysTick_Handler
                0x0000000008001fba        0xc ./Core/Src/stm32f1xx_it.o
                0x0000000008001fba                SysTick_Handler
 .text.EXTI1_IRQHandler
                0x0000000008001fc6        0xe ./Core/Src/stm32f1xx_it.o
                0x0000000008001fc6                EXTI1_IRQHandler
 .text.EXTI2_IRQHandler
                0x0000000008001fd4        0xe ./Core/Src/stm32f1xx_it.o
                0x0000000008001fd4                EXTI2_IRQHandler
 .text.EXTI3_IRQHandler
                0x0000000008001fe2        0xe ./Core/Src/stm32f1xx_it.o
                0x0000000008001fe2                EXTI3_IRQHandler
 .text.EXTI4_IRQHandler
                0x0000000008001ff0        0xe ./Core/Src/stm32f1xx_it.o
                0x0000000008001ff0                EXTI4_IRQHandler
 .text.EXTI9_5_IRQHandler
                0x0000000008001ffe        0xe ./Core/Src/stm32f1xx_it.o
                0x0000000008001ffe                EXTI9_5_IRQHandler
 .text.TIM2_IRQHandler
                0x000000000800200c       0x14 ./Core/Src/stm32f1xx_it.o
                0x000000000800200c                TIM2_IRQHandler
 .text.TIM3_IRQHandler
                0x0000000008002020       0x14 ./Core/Src/stm32f1xx_it.o
                0x0000000008002020                TIM3_IRQHandler
 .text.TIM4_IRQHandler
                0x0000000008002034       0x14 ./Core/Src/stm32f1xx_it.o
                0x0000000008002034                TIM4_IRQHandler
 .text._sbrk    0x0000000008002048       0x6c ./Core/Src/sysmem.o
                0x0000000008002048                _sbrk
 .text.SystemInit
                0x00000000080020b4        0xc ./Core/Src/system_stm32f1xx.o
                0x00000000080020b4                SystemInit
 .text.Reset_Handler
                0x00000000080020c0       0x48 ./Core/Startup/startup_stm32f103c8tx.o
                0x00000000080020c0                Reset_Handler
 .text.Default_Handler
                0x0000000008002108        0x2 ./Core/Startup/startup_stm32f103c8tx.o
                0x0000000008002108                RTC_Alarm_IRQHandler
                0x0000000008002108                TIM1_CC_IRQHandler
                0x0000000008002108                PVD_IRQHandler
                0x0000000008002108                EXTI0_IRQHandler
                0x0000000008002108                I2C2_EV_IRQHandler
                0x0000000008002108                ADC1_2_IRQHandler
                0x0000000008002108                SPI1_IRQHandler
                0x0000000008002108                TAMPER_IRQHandler
                0x0000000008002108                DMA1_Channel4_IRQHandler
                0x0000000008002108                USART3_IRQHandler
                0x0000000008002108                RTC_IRQHandler
                0x0000000008002108                DMA1_Channel7_IRQHandler
                0x0000000008002108                CAN1_RX1_IRQHandler
                0x0000000008002108                I2C1_EV_IRQHandler
                0x0000000008002108                DMA1_Channel6_IRQHandler
                0x0000000008002108                RCC_IRQHandler
                0x0000000008002108                TIM1_TRG_COM_IRQHandler
                0x0000000008002108                DMA1_Channel1_IRQHandler
                0x0000000008002108                Default_Handler
                0x0000000008002108                EXTI15_10_IRQHandler
                0x0000000008002108                SPI2_IRQHandler
                0x0000000008002108                DMA1_Channel5_IRQHandler
                0x0000000008002108                USB_LP_CAN1_RX0_IRQHandler
                0x0000000008002108                USB_HP_CAN1_TX_IRQHandler
                0x0000000008002108                DMA1_Channel3_IRQHandler
                0x0000000008002108                TIM1_UP_IRQHandler
                0x0000000008002108                WWDG_IRQHandler
                0x0000000008002108                TIM1_BRK_IRQHandler
                0x0000000008002108                USART2_IRQHandler
                0x0000000008002108                I2C2_ER_IRQHandler
                0x0000000008002108                DMA1_Channel2_IRQHandler
                0x0000000008002108                CAN1_SCE_IRQHandler
                0x0000000008002108                FLASH_IRQHandler
                0x0000000008002108                USART1_IRQHandler
                0x0000000008002108                I2C1_ER_IRQHandler
                0x0000000008002108                USBWakeUp_IRQHandler
 *fill*         0x000000000800210a        0x2 
 .text.HAL_Init
                0x000000000800210c       0x2c ./Drivers/STM32F1xx_HAL_Driver/Src/stm32f1xx_hal.o
                0x000000000800210c                HAL_Init
 .text.HAL_InitTick
                0x0000000008002138       0x60 ./Drivers/STM32F1xx_HAL_Driver/Src/stm32f1xx_hal.o
                0x0000000008002138                HAL_InitTick
 .text.HAL_IncTick
                0x0000000008002198       0x24 ./Drivers/STM32F1xx_HAL_Driver/Src/stm32f1xx_hal.o
                0x0000000008002198                HAL_IncTick
 .text.HAL_GetTick
                0x00000000080021bc       0x14 ./Drivers/STM32F1xx_HAL_Driver/Src/stm32f1xx_hal.o
                0x00000000080021bc                HAL_GetTick
 .text.HAL_Delay
                0x00000000080021d0       0x48 ./Drivers/STM32F1xx_HAL_Driver/Src/stm32f1xx_hal.o
                0x00000000080021d0                HAL_Delay
 .text.__NVIC_SetPriorityGrouping
                0x0000000008002218       0x48 ./Drivers/STM32F1xx_HAL_Driver/Src/stm32f1xx_hal_cortex.o
 .text.__NVIC_GetPriorityGrouping
                0x0000000008002260       0x1c ./Drivers/STM32F1xx_HAL_Driver/Src/stm32f1xx_hal_cortex.o
 .text.__NVIC_EnableIRQ
                0x000000000800227c       0x38 ./Drivers/STM32F1xx_HAL_Driver/Src/stm32f1xx_hal_cortex.o
 .text.__NVIC_DisableIRQ
                0x00000000080022b4       0x48 ./Drivers/STM32F1xx_HAL_Driver/Src/stm32f1xx_hal_cortex.o
 .text.__NVIC_SetPriority
                0x00000000080022fc       0x54 ./Drivers/STM32F1xx_HAL_Driver/Src/stm32f1xx_hal_cortex.o
 .text.NVIC_EncodePriority
                0x0000000008002350       0x64 ./Drivers/STM32F1xx_HAL_Driver/Src/stm32f1xx_hal_cortex.o
 .text.SysTick_Config
                0x00000000080023b4       0x44 ./Drivers/STM32F1xx_HAL_Driver/Src/stm32f1xx_hal_cortex.o
 .text.HAL_NVIC_SetPriorityGrouping
                0x00000000080023f8       0x16 ./Drivers/STM32F1xx_HAL_Driver/Src/stm32f1xx_hal_cortex.o
                0x00000000080023f8                HAL_NVIC_SetPriorityGrouping
 .text.HAL_NVIC_SetPriority
                0x000000000800240e       0x38 ./Drivers/STM32F1xx_HAL_Driver/Src/stm32f1xx_hal_cortex.o
                0x000000000800240e                HAL_NVIC_SetPriority
 .text.HAL_NVIC_EnableIRQ
                0x0000000008002446       0x1c ./Drivers/STM32F1xx_HAL_Driver/Src/stm32f1xx_hal_cortex.o
                0x0000000008002446                HAL_NVIC_EnableIRQ
 .text.HAL_NVIC_DisableIRQ
                0x0000000008002462       0x1c ./Drivers/STM32F1xx_HAL_Driver/Src/stm32f1xx_hal_cortex.o
                0x0000000008002462                HAL_NVIC_DisableIRQ
 .text.HAL_SYSTICK_Config
                0x000000000800247e       0x18 ./Drivers/STM32F1xx_HAL_Driver/Src/stm32f1xx_hal_cortex.o
                0x000000000800247e                HAL_SYSTICK_Config
 *fill*         0x0000000008002496        0x2 
 .text.HAL_GPIO_Init
                0x0000000008002498      0x308 ./Drivers/STM32F1xx_HAL_Driver/Src/stm32f1xx_hal_gpio.o
                0x0000000008002498                HAL_GPIO_Init
 .text.HAL_GPIO_ReadPin
                0x00000000080027a0       0x2e ./Drivers/STM32F1xx_HAL_Driver/Src/stm32f1xx_hal_gpio.o
                0x00000000080027a0                HAL_GPIO_ReadPin
 .text.HAL_GPIO_WritePin
                0x00000000080027ce       0x30 ./Drivers/STM32F1xx_HAL_Driver/Src/stm32f1xx_hal_gpio.o
                0x00000000080027ce                HAL_GPIO_WritePin
 *fill*         0x00000000080027fe        0x2 
 .text.HAL_GPIO_EXTI_IRQHandler
                0x0000000008002800       0x30 ./Drivers/STM32F1xx_HAL_Driver/Src/stm32f1xx_hal_gpio.o
                0x0000000008002800                HAL_GPIO_EXTI_IRQHandler
 .text.HAL_I2C_Init
                0x0000000008002830      0x288 ./Drivers/STM32F1xx_HAL_Driver/Src/stm32f1xx_hal_i2c.o
                0x0000000008002830                HAL_I2C_Init
 .text.HAL_I2C_Master_Transmit
                0x0000000008002ab8      0x1fc ./Drivers/STM32F1xx_HAL_Driver/Src/stm32f1xx_hal_i2c.o
                0x0000000008002ab8                HAL_I2C_Master_Transmit
 .text.HAL_I2C_Mem_Write
                0x0000000008002cb4      0x1f4 ./Drivers/STM32F1xx_HAL_Driver/Src/stm32f1xx_hal_i2c.o
                0x0000000008002cb4                HAL_I2C_Mem_Write
 .text.HAL_I2C_Mem_Read
                0x0000000008002ea8      0x4d0 ./Drivers/STM32F1xx_HAL_Driver/Src/stm32f1xx_hal_i2c.o
                0x0000000008002ea8                HAL_I2C_Mem_Read
 .text.I2C_MasterRequestWrite
                0x0000000008003378      0x104 ./Drivers/STM32F1xx_HAL_Driver/Src/stm32f1xx_hal_i2c.o
 .text.I2C_RequestMemoryWrite
                0x000000000800347c      0x12c ./Drivers/STM32F1xx_HAL_Driver/Src/stm32f1xx_hal_i2c.o
 .text.I2C_RequestMemoryRead
                0x00000000080035a8      0x1d0 ./Drivers/STM32F1xx_HAL_Driver/Src/stm32f1xx_hal_i2c.o
 .text.I2C_WaitOnFlagUntilTimeout
                0x0000000008003778       0xf4 ./Drivers/STM32F1xx_HAL_Driver/Src/stm32f1xx_hal_i2c.o
 .text.I2C_WaitOnMasterAddressFlagUntilTimeout
                0x000000000800386c      0x140 ./Drivers/STM32F1xx_HAL_Driver/Src/stm32f1xx_hal_i2c.o
 .text.I2C_WaitOnTXEFlagUntilTimeout
                0x00000000080039ac       0x90 ./Drivers/STM32F1xx_HAL_Driver/Src/stm32f1xx_hal_i2c.o
 .text.I2C_WaitOnBTFFlagUntilTimeout
                0x0000000008003a3c       0x90 ./Drivers/STM32F1xx_HAL_Driver/Src/stm32f1xx_hal_i2c.o
 .text.I2C_WaitOnRXNEFlagUntilTimeout
                0x0000000008003acc       0xba ./Drivers/STM32F1xx_HAL_Driver/Src/stm32f1xx_hal_i2c.o
 .text.I2C_IsAcknowledgeFailed
                0x0000000008003b86       0x5c ./Drivers/STM32F1xx_HAL_Driver/Src/stm32f1xx_hal_i2c.o
 *fill*         0x0000000008003be2        0x2 
 .text.HAL_RCC_OscConfig
                0x0000000008003be4      0x504 ./Drivers/STM32F1xx_HAL_Driver/Src/stm32f1xx_hal_rcc.o
                0x0000000008003be4                HAL_RCC_OscConfig
 .text.HAL_RCC_ClockConfig
                0x00000000080040e8      0x1d4 ./Drivers/STM32F1xx_HAL_Driver/Src/stm32f1xx_hal_rcc.o
                0x00000000080040e8                HAL_RCC_ClockConfig
 .text.HAL_RCC_GetSysClockFreq
                0x00000000080042bc       0xa8 ./Drivers/STM32F1xx_HAL_Driver/Src/stm32f1xx_hal_rcc.o
                0x00000000080042bc                HAL_RCC_GetSysClockFreq
 .text.HAL_RCC_GetHCLKFreq
                0x0000000008004364       0x14 ./Drivers/STM32F1xx_HAL_Driver/Src/stm32f1xx_hal_rcc.o
                0x0000000008004364                HAL_RCC_GetHCLKFreq
 .text.HAL_RCC_GetPCLK1Freq
                0x0000000008004378       0x28 ./Drivers/STM32F1xx_HAL_Driver/Src/stm32f1xx_hal_rcc.o
                0x0000000008004378                HAL_RCC_GetPCLK1Freq
 .text.RCC_Delay
                0x00000000080043a0       0x3c ./Drivers/STM32F1xx_HAL_Driver/Src/stm32f1xx_hal_rcc.o
 .text.HAL_TIM_Base_Init
                0x00000000080043dc       0x9e ./Drivers/STM32F1xx_HAL_Driver/Src/stm32f1xx_hal_tim.o
                0x00000000080043dc                HAL_TIM_Base_Init
 *fill*         0x000000000800447a        0x2 
 .text.HAL_TIM_Base_Start_IT
                0x000000000800447c       0xa4 ./Drivers/STM32F1xx_HAL_Driver/Src/stm32f1xx_hal_tim.o
                0x000000000800447c                HAL_TIM_Base_Start_IT
 .text.HAL_TIM_Base_Stop_IT
                0x0000000008004520       0x5c ./Drivers/STM32F1xx_HAL_Driver/Src/stm32f1xx_hal_tim.o
                0x0000000008004520                HAL_TIM_Base_Stop_IT
 .text.HAL_TIM_IRQHandler
                0x000000000800457c      0x210 ./Drivers/STM32F1xx_HAL_Driver/Src/stm32f1xx_hal_tim.o
                0x000000000800457c                HAL_TIM_IRQHandler
 .text.HAL_TIM_ConfigClockSource
                0x000000000800478c      0x18e ./Drivers/STM32F1xx_HAL_Driver/Src/stm32f1xx_hal_tim.o
                0x000000000800478c                HAL_TIM_ConfigClockSource
 .text.HAL_TIM_OC_DelayElapsedCallback
                0x000000000800491a       0x12 ./Drivers/STM32F1xx_HAL_Driver/Src/stm32f1xx_hal_tim.o
                0x000000000800491a                HAL_TIM_OC_DelayElapsedCallback
 .text.HAL_TIM_IC_CaptureCallback
                0x000000000800492c       0x12 ./Drivers/STM32F1xx_HAL_Driver/Src/stm32f1xx_hal_tim.o
                0x000000000800492c                HAL_TIM_IC_CaptureCallback
 .text.HAL_TIM_PWM_PulseFinishedCallback
                0x000000000800493e       0x12 ./Drivers/STM32F1xx_HAL_Driver/Src/stm32f1xx_hal_tim.o
                0x000000000800493e                HAL_TIM_PWM_PulseFinishedCallback
 .text.HAL_TIM_TriggerCallback
                0x0000000008004950       0x12 ./Drivers/STM32F1xx_HAL_Driver/Src/stm32f1xx_hal_tim.o
                0x0000000008004950                HAL_TIM_TriggerCallback
 *fill*         0x0000000008004962        0x2 
 .text.TIM_Base_SetConfig
                0x0000000008004964       0xc4 ./Drivers/STM32F1xx_HAL_Driver/Src/stm32f1xx_hal_tim.o
                0x0000000008004964                TIM_Base_SetConfig
 .text.TIM_TI1_ConfigInputStage
                0x0000000008004a28       0x5c ./Drivers/STM32F1xx_HAL_Driver/Src/stm32f1xx_hal_tim.o
 .text.TIM_TI2_ConfigInputStage
                0x0000000008004a84       0x5e ./Drivers/STM32F1xx_HAL_Driver/Src/stm32f1xx_hal_tim.o
 .text.TIM_ITRx_SetConfig
                0x0000000008004ae2       0x34 ./Drivers/STM32F1xx_HAL_Driver/Src/stm32f1xx_hal_tim.o
 .text.TIM_ETR_SetConfig
                0x0000000008004b16       0x3e ./Drivers/STM32F1xx_HAL_Driver/Src/stm32f1xx_hal_tim.o
                0x0000000008004b16                TIM_ETR_SetConfig
 .text.HAL_TIMEx_MasterConfigSynchronization
                0x0000000008004b54       0xbc ./Drivers/STM32F1xx_HAL_Driver/Src/stm32f1xx_hal_tim_ex.o
                0x0000000008004b54                HAL_TIMEx_MasterConfigSynchronization
 .text.HAL_TIMEx_CommutCallback
                0x0000000008004c10       0x12 ./Drivers/STM32F1xx_HAL_Driver/Src/stm32f1xx_hal_tim_ex.o
                0x0000000008004c10                HAL_TIMEx_CommutCallback
 .text.HAL_TIMEx_BreakCallback
                0x0000000008004c22       0x12 ./Drivers/STM32F1xx_HAL_Driver/Src/stm32f1xx_hal_tim_ex.o
                0x0000000008004c22                HAL_TIMEx_BreakCallback
 .text.lcd_send_cmd
                0x0000000008004c34       0x60 ./LCD/LCD.o
                0x0000000008004c34                lcd_send_cmd
 .text.lcd_send_data
                0x0000000008004c94       0x60 ./LCD/LCD.o
                0x0000000008004c94                lcd_send_data
 .text.lcd_clear
                0x0000000008004cf4       0x2e ./LCD/LCD.o
                0x0000000008004cf4                lcd_clear
 .text.lcd_put_cur
                0x0000000008004d22       0x3e ./LCD/LCD.o
                0x0000000008004d22                lcd_put_cur
 .text.lcd_init
                0x0000000008004d60       0x7a ./LCD/LCD.o
                0x0000000008004d60                lcd_init
 .text.lcd_send_string
                0x0000000008004dda       0x2a ./LCD/LCD.o
                0x0000000008004dda                lcd_send_string
 .text.sprintf  0x0000000008004e04       0x40 C:/ST/STM32CubeIDE_1.13.0/STM32CubeIDE/plugins/com.st.stm32cube.ide.mcu.externaltools.gnu-tools-for-stm32.11.3.rel1.win32_1.1.0.202305231506/tools/bin/../lib/gcc/arm-none-eabi/11.3.1/../../../../arm-none-eabi/lib/thumb/v7-m/nofp\libc_nano.a(libc_a-sprintf.o)
                0x0000000008004e04                siprintf
                0x0000000008004e04                sprintf
 .text.memset   0x0000000008004e44       0x10 C:/ST/STM32CubeIDE_1.13.0/STM32CubeIDE/plugins/com.st.stm32cube.ide.mcu.externaltools.gnu-tools-for-stm32.11.3.rel1.win32_1.1.0.202305231506/tools/bin/../lib/gcc/arm-none-eabi/11.3.1/../../../../arm-none-eabi/lib/thumb/v7-m/nofp\libc_nano.a(libc_a-memset.o)
                0x0000000008004e44                memset
 .text.__errno  0x0000000008004e54        0xc C:/ST/STM32CubeIDE_1.13.0/STM32CubeIDE/plugins/com.st.stm32cube.ide.mcu.externaltools.gnu-tools-for-stm32.11.3.rel1.win32_1.1.0.202305231506/tools/bin/../lib/gcc/arm-none-eabi/11.3.1/../../../../arm-none-eabi/lib/thumb/v7-m/nofp\libc_nano.a(libc_a-errno.o)
                0x0000000008004e54                __errno
 .text.__libc_init_array
                0x0000000008004e60       0x48 C:/ST/STM32CubeIDE_1.13.0/STM32CubeIDE/plugins/com.st.stm32cube.ide.mcu.externaltools.gnu-tools-for-stm32.11.3.rel1.win32_1.1.0.202305231506/tools/bin/../lib/gcc/arm-none-eabi/11.3.1/../../../../arm-none-eabi/lib/thumb/v7-m/nofp\libc_nano.a(libc_a-init.o)
                0x0000000008004e60                __libc_init_array
 .text.__retarget_lock_acquire_recursive
                0x0000000008004ea8        0x2 C:/ST/STM32CubeIDE_1.13.0/STM32CubeIDE/plugins/com.st.stm32cube.ide.mcu.externaltools.gnu-tools-for-stm32.11.3.rel1.win32_1.1.0.202305231506/tools/bin/../lib/gcc/arm-none-eabi/11.3.1/../../../../arm-none-eabi/lib/thumb/v7-m/nofp\libc_nano.a(libc_a-lock.o)
                0x0000000008004ea8                __retarget_lock_acquire_recursive
 .text.__retarget_lock_release_recursive
                0x0000000008004eaa        0x2 C:/ST/STM32CubeIDE_1.13.0/STM32CubeIDE/plugins/com.st.stm32cube.ide.mcu.externaltools.gnu-tools-for-stm32.11.3.rel1.win32_1.1.0.202305231506/tools/bin/../lib/gcc/arm-none-eabi/11.3.1/../../../../arm-none-eabi/lib/thumb/v7-m/nofp\libc_nano.a(libc_a-lock.o)
                0x0000000008004eaa                __retarget_lock_release_recursive
 .text._free_r  0x0000000008004eac       0x90 C:/ST/STM32CubeIDE_1.13.0/STM32CubeIDE/plugins/com.st.stm32cube.ide.mcu.externaltools.gnu-tools-for-stm32.11.3.rel1.win32_1.1.0.202305231506/tools/bin/../lib/gcc/arm-none-eabi/11.3.1/../../../../arm-none-eabi/lib/thumb/v7-m/nofp\libc_nano.a(libc_a-freer.o)
                0x0000000008004eac                _free_r
 .text.sbrk_aligned
                0x0000000008004f3c       0x40 C:/ST/STM32CubeIDE_1.13.0/STM32CubeIDE/plugins/com.st.stm32cube.ide.mcu.externaltools.gnu-tools-for-stm32.11.3.rel1.win32_1.1.0.202305231506/tools/bin/../lib/gcc/arm-none-eabi/11.3.1/../../../../arm-none-eabi/lib/thumb/v7-m/nofp\libc_nano.a(libc_a-mallocr.o)
 .text._malloc_r
                0x0000000008004f7c      0x100 C:/ST/STM32CubeIDE_1.13.0/STM32CubeIDE/plugins/com.st.stm32cube.ide.mcu.externaltools.gnu-tools-for-stm32.11.3.rel1.win32_1.1.0.202305231506/tools/bin/../lib/gcc/arm-none-eabi/11.3.1/../../../../arm-none-eabi/lib/thumb/v7-m/nofp\libc_nano.a(libc_a-mallocr.o)
                0x0000000008004f7c                _malloc_r
 .text.__malloc_lock
                0x000000000800507c        0xc C:/ST/STM32CubeIDE_1.13.0/STM32CubeIDE/plugins/com.st.stm32cube.ide.mcu.externaltools.gnu-tools-for-stm32.11.3.rel1.win32_1.1.0.202305231506/tools/bin/../lib/gcc/arm-none-eabi/11.3.1/../../../../arm-none-eabi/lib/thumb/v7-m/nofp\libc_nano.a(libc_a-mlock.o)
                0x000000000800507c                __malloc_lock
 .text.__malloc_unlock
                0x0000000008005088        0xc C:/ST/STM32CubeIDE_1.13.0/STM32CubeIDE/plugins/com.st.stm32cube.ide.mcu.externaltools.gnu-tools-for-stm32.11.3.rel1.win32_1.1.0.202305231506/tools/bin/../lib/gcc/arm-none-eabi/11.3.1/../../../../arm-none-eabi/lib/thumb/v7-m/nofp\libc_nano.a(libc_a-mlock.o)
                0x0000000008005088                __malloc_unlock
 .text.__ssputs_r
                0x0000000008005094       0xb4 C:/ST/STM32CubeIDE_1.13.0/STM32CubeIDE/plugins/com.st.stm32cube.ide.mcu.externaltools.gnu-tools-for-stm32.11.3.rel1.win32_1.1.0.202305231506/tools/bin/../lib/gcc/arm-none-eabi/11.3.1/../../../../arm-none-eabi/lib/thumb/v7-m/nofp\libc_nano.a(libc_a-nano-svfprintf.o)
                0x0000000008005094                __ssputs_r
 .text._svfprintf_r
                0x0000000008005148      0x1fc C:/ST/STM32CubeIDE_1.13.0/STM32CubeIDE/plugins/com.st.stm32cube.ide.mcu.externaltools.gnu-tools-for-stm32.11.3.rel1.win32_1.1.0.202305231506/tools/bin/../lib/gcc/arm-none-eabi/11.3.1/../../../../arm-none-eabi/lib/thumb/v7-m/nofp\libc_nano.a(libc_a-nano-svfprintf.o)
                0x0000000008005148                _svfiprintf_r
                0x0000000008005148                _svfprintf_r
 .text._printf_common
                0x0000000008005344       0xe4 C:/ST/STM32CubeIDE_1.13.0/STM32CubeIDE/plugins/com.st.stm32cube.ide.mcu.externaltools.gnu-tools-for-stm32.11.3.rel1.win32_1.1.0.202305231506/tools/bin/../lib/gcc/arm-none-eabi/11.3.1/../../../../arm-none-eabi/lib/thumb/v7-m/nofp\libc_nano.a(libc_a-nano-vfprintf_i.o)
                0x0000000008005344                _printf_common
 .text._printf_i
                0x0000000008005428      0x244 C:/ST/STM32CubeIDE_1.13.0/STM32CubeIDE/plugins/com.st.stm32cube.ide.mcu.externaltools.gnu-tools-for-stm32.11.3.rel1.win32_1.1.0.202305231506/tools/bin/../lib/gcc/arm-none-eabi/11.3.1/../../../../arm-none-eabi/lib/thumb/v7-m/nofp\libc_nano.a(libc_a-nano-vfprintf_i.o)
                0x0000000008005428                _printf_i
 .text.memmove  0x000000000800566c       0x34 C:/ST/STM32CubeIDE_1.13.0/STM32CubeIDE/plugins/com.st.stm32cube.ide.mcu.externaltools.gnu-tools-for-stm32.11.3.rel1.win32_1.1.0.202305231506/tools/bin/../lib/gcc/arm-none-eabi/11.3.1/../../../../arm-none-eabi/lib/thumb/v7-m/nofp\libc_nano.a(libc_a-memmove.o)
                0x000000000800566c                memmove
 .text._sbrk_r  0x00000000080056a0       0x20 C:/ST/STM32CubeIDE_1.13.0/STM32CubeIDE/plugins/com.st.stm32cube.ide.mcu.externaltools.gnu-tools-for-stm32.11.3.rel1.win32_1.1.0.202305231506/tools/bin/../lib/gcc/arm-none-eabi/11.3.1/../../../../arm-none-eabi/lib/thumb/v7-m/nofp\libc_nano.a(libc_a-sbrkr.o)
                0x00000000080056a0                _sbrk_r
 .text.memchr   0x00000000080056c0       0x1c C:/ST/STM32CubeIDE_1.13.0/STM32CubeIDE/plugins/com.st.stm32cube.ide.mcu.externaltools.gnu-tools-for-stm32.11.3.rel1.win32_1.1.0.202305231506/tools/bin/../lib/gcc/arm-none-eabi/11.3.1/../../../../arm-none-eabi/lib/thumb/v7-m/nofp\libc_nano.a(libc_a-memchr-stub.o)
                0x00000000080056c0                memchr
 .text.memcpy   0x00000000080056dc       0x1c C:/ST/STM32CubeIDE_1.13.0/STM32CubeIDE/plugins/com.st.stm32cube.ide.mcu.externaltools.gnu-tools-for-stm32.11.3.rel1.win32_1.1.0.202305231506/tools/bin/../lib/gcc/arm-none-eabi/11.3.1/../../../../arm-none-eabi/lib/thumb/v7-m/nofp\libc_nano.a(libc_a-memcpy-stub.o)
                0x00000000080056dc                memcpy
 .text._realloc_r
                0x00000000080056f8       0x5e C:/ST/STM32CubeIDE_1.13.0/STM32CubeIDE/plugins/com.st.stm32cube.ide.mcu.externaltools.gnu-tools-for-stm32.11.3.rel1.win32_1.1.0.202305231506/tools/bin/../lib/gcc/arm-none-eabi/11.3.1/../../../../arm-none-eabi/lib/thumb/v7-m/nofp\libc_nano.a(libc_a-reallocr.o)
                0x00000000080056f8                _realloc_r
 .text._malloc_usable_size_r
                0x0000000008005756       0x10 C:/ST/STM32CubeIDE_1.13.0/STM32CubeIDE/plugins/com.st.stm32cube.ide.mcu.externaltools.gnu-tools-for-stm32.11.3.rel1.win32_1.1.0.202305231506/tools/bin/../lib/gcc/arm-none-eabi/11.3.1/../../../../arm-none-eabi/lib/thumb/v7-m/nofp\libc_nano.a(libc_a-msizer.o)
                0x0000000008005756                _malloc_usable_size_r
 *(.glue_7)
 .glue_7        0x0000000008005766        0x0 linker stubs
 *(.glue_7t)
 .glue_7t       0x0000000008005766        0x0 linker stubs
 *(.eh_frame)
 *fill*         0x0000000008005766        0x2 
 .eh_frame      0x0000000008005768        0x0 C:/ST/STM32CubeIDE_1.13.0/STM32CubeIDE/plugins/com.st.stm32cube.ide.mcu.externaltools.gnu-tools-for-stm32.11.3.rel1.win32_1.1.0.202305231506/tools/bin/../lib/gcc/arm-none-eabi/11.3.1/thumb/v7-m/nofp/crtbegin.o
 *(.init)
 .init          0x0000000008005768        0x4 C:/ST/STM32CubeIDE_1.13.0/STM32CubeIDE/plugins/com.st.stm32cube.ide.mcu.externaltools.gnu-tools-for-stm32.11.3.rel1.win32_1.1.0.202305231506/tools/bin/../lib/gcc/arm-none-eabi/11.3.1/thumb/v7-m/nofp/crti.o
                0x0000000008005768                _init
 .init          0x000000000800576c        0x8 C:/ST/STM32CubeIDE_1.13.0/STM32CubeIDE/plugins/com.st.stm32cube.ide.mcu.externaltools.gnu-tools-for-stm32.11.3.rel1.win32_1.1.0.202305231506/tools/bin/../lib/gcc/arm-none-eabi/11.3.1/thumb/v7-m/nofp/crtn.o
 *(.fini)
 .fini          0x0000000008005774        0x4 C:/ST/STM32CubeIDE_1.13.0/STM32CubeIDE/plugins/com.st.stm32cube.ide.mcu.externaltools.gnu-tools-for-stm32.11.3.rel1.win32_1.1.0.202305231506/tools/bin/../lib/gcc/arm-none-eabi/11.3.1/thumb/v7-m/nofp/crti.o
                0x0000000008005774                _fini
 .fini          0x0000000008005778        0x8 C:/ST/STM32CubeIDE_1.13.0/STM32CubeIDE/plugins/com.st.stm32cube.ide.mcu.externaltools.gnu-tools-for-stm32.11.3.rel1.win32_1.1.0.202305231506/tools/bin/../lib/gcc/arm-none-eabi/11.3.1/thumb/v7-m/nofp/crtn.o
                0x0000000008005780                . = ALIGN (0x4)
                0x0000000008005780                _etext = .

.vfp11_veneer   0x0000000008005780        0x0
 .vfp11_veneer  0x0000000008005780        0x0 linker stubs

.v4_bx          0x0000000008005780        0x0
 .v4_bx         0x0000000008005780        0x0 linker stubs

.iplt           0x0000000008005780        0x0
 .iplt          0x0000000008005780        0x0 C:/ST/STM32CubeIDE_1.13.0/STM32CubeIDE/plugins/com.st.stm32cube.ide.mcu.externaltools.gnu-tools-for-stm32.11.3.rel1.win32_1.1.0.202305231506/tools/bin/../lib/gcc/arm-none-eabi/11.3.1/thumb/v7-m/nofp/crtbegin.o

.rodata         0x0000000008005780      0x158
                0x0000000008005780                . = ALIGN (0x4)
 *(.rodata)
 .rodata        0x0000000008005780       0xf5 ./Core/Src/main.o
 *(.rodata*)
 *fill*         0x0000000008005875        0x3 
 .rodata.AHBPrescTable
                0x0000000008005878       0x10 ./Core/Src/system_stm32f1xx.o
                0x0000000008005878                AHBPrescTable
 .rodata.APBPrescTable
                0x0000000008005888        0x8 ./Core/Src/system_stm32f1xx.o
                0x0000000008005888                APBPrescTable
 .rodata.aPLLMULFactorTable.1
                0x0000000008005890       0x10 ./Drivers/STM32F1xx_HAL_Driver/Src/stm32f1xx_hal_rcc.o
 .rodata.aPredivFactorTable.0
                0x00000000080058a0        0x2 ./Drivers/STM32F1xx_HAL_Driver/Src/stm32f1xx_hal_rcc.o
 .rodata._svfprintf_r.str1.1
                0x00000000080058a2       0x11 C:/ST/STM32CubeIDE_1.13.0/STM32CubeIDE/plugins/com.st.stm32cube.ide.mcu.externaltools.gnu-tools-for-stm32.11.3.rel1.win32_1.1.0.202305231506/tools/bin/../lib/gcc/arm-none-eabi/11.3.1/../../../../arm-none-eabi/lib/thumb/v7-m/nofp\libc_nano.a(libc_a-nano-svfprintf.o)
 .rodata._printf_i.str1.1
                0x00000000080058b3       0x22 C:/ST/STM32CubeIDE_1.13.0/STM32CubeIDE/plugins/com.st.stm32cube.ide.mcu.externaltools.gnu-tools-for-stm32.11.3.rel1.win32_1.1.0.202305231506/tools/bin/../lib/gcc/arm-none-eabi/11.3.1/../../../../arm-none-eabi/lib/thumb/v7-m/nofp\libc_nano.a(libc_a-nano-vfprintf_i.o)
                0x00000000080058d8                . = ALIGN (0x4)
 *fill*         0x00000000080058d5        0x3 

.rel.dyn        0x00000000080058d8        0x0
 .rel.iplt      0x00000000080058d8        0x0 C:/ST/STM32CubeIDE_1.13.0/STM32CubeIDE/plugins/com.st.stm32cube.ide.mcu.externaltools.gnu-tools-for-stm32.11.3.rel1.win32_1.1.0.202305231506/tools/bin/../lib/gcc/arm-none-eabi/11.3.1/thumb/v7-m/nofp/crtbegin.o

.ARM.extab      0x00000000080058d8        0x0
                0x00000000080058d8                . = ALIGN (0x4)
 *(.ARM.extab* .gnu.linkonce.armextab.*)
                0x00000000080058d8                . = ALIGN (0x4)

.ARM            0x00000000080058d8        0x0
                0x00000000080058d8                . = ALIGN (0x4)
                0x00000000080058d8                __exidx_start = .
 *(.ARM.exidx*)
                0x00000000080058d8                __exidx_end = .
                0x00000000080058d8                . = ALIGN (0x4)

.preinit_array  0x00000000080058d8        0x0
                0x00000000080058d8                . = ALIGN (0x4)
                0x00000000080058d8                PROVIDE (__preinit_array_start = .)
 *(.preinit_array*)
                0x00000000080058d8                PROVIDE (__preinit_array_end = .)
                0x00000000080058d8                . = ALIGN (0x4)

.init_array     0x00000000080058d8        0x4
                0x00000000080058d8                . = ALIGN (0x4)
                0x00000000080058d8                PROVIDE (__init_array_start = .)
 *(SORT_BY_NAME(.init_array.*))
 *(.init_array*)
 .init_array    0x00000000080058d8        0x4 C:/ST/STM32CubeIDE_1.13.0/STM32CubeIDE/plugins/com.st.stm32cube.ide.mcu.externaltools.gnu-tools-for-stm32.11.3.rel1.win32_1.1.0.202305231506/tools/bin/../lib/gcc/arm-none-eabi/11.3.1/thumb/v7-m/nofp/crtbegin.o
                0x00000000080058dc                PROVIDE (__init_array_end = .)
                0x00000000080058dc                . = ALIGN (0x4)

.fini_array     0x00000000080058dc        0x4
                0x00000000080058dc                . = ALIGN (0x4)
                [!provide]                        PROVIDE (__fini_array_start = .)
 *(SORT_BY_NAME(.fini_array.*))
 *(.fini_array*)
 .fini_array    0x00000000080058dc        0x4 C:/ST/STM32CubeIDE_1.13.0/STM32CubeIDE/plugins/com.st.stm32cube.ide.mcu.externaltools.gnu-tools-for-stm32.11.3.rel1.win32_1.1.0.202305231506/tools/bin/../lib/gcc/arm-none-eabi/11.3.1/thumb/v7-m/nofp/crtbegin.o
                [!provide]                        PROVIDE (__fini_array_end = .)
                0x00000000080058e0                . = ALIGN (0x4)
                0x00000000080058e0                _sidata = LOADADDR (.data)

.data           0x0000000020000000       0x7c load address 0x00000000080058e0
                0x0000000020000000                . = ALIGN (0x4)
                0x0000000020000000                _sdata = .
 *(.data)
 *(.data*)
 .data.debounceDelay
                0x0000000020000000        0x4 ./Core/Src/main.o
                0x0000000020000000                debounceDelay
 .data.flag_ngat_timer3
                0x0000000020000004        0x4 ./Core/Src/main.o
                0x0000000020000004                flag_ngat_timer3
 .data.mat_khau_dung
                0x0000000020000008        0x6 ./Core/Src/main.o
                0x0000000020000008                mat_khau_dung
 *fill*         0x000000002000000e        0x2 
 .data.flag_lan_dau_cai_bao_thuc
                0x0000000020000010        0x4 ./Core/Src/main.o
                0x0000000020000010                flag_lan_dau_cai_bao_thuc
 .data.flag_cho_phep_chuyen_lcd
                0x0000000020000014        0x4 ./Core/Src/main.o
                0x0000000020000014                flag_cho_phep_chuyen_lcd
 .data.value_nam_bao_thuc
                0x0000000020000018        0x4 ./Core/Src/main.o
                0x0000000020000018                value_nam_bao_thuc
 .data.flag_cho_phep_nhan_nut
                0x000000002000001c        0x1 ./Core/Src/main.o
                0x000000002000001c                flag_cho_phep_nhan_nut
 *fill*         0x000000002000001d        0x3 
 .data.SystemCoreClock
                0x0000000020000020        0x4 ./Core/Src/system_stm32f1xx.o
                0x0000000020000020                SystemCoreClock
 .data.uwTickPrio
                0x0000000020000024        0x4 ./Drivers/STM32F1xx_HAL_Driver/Src/stm32f1xx_hal.o
                0x0000000020000024                uwTickPrio
 .data.uwTickFreq
                0x0000000020000028        0x1 ./Drivers/STM32F1xx_HAL_Driver/Src/stm32f1xx_hal.o
                0x0000000020000028                uwTickFreq
 *fill*         0x0000000020000029        0x3 
 .data._impure_data
                0x000000002000002c       0x4c C:/ST/STM32CubeIDE_1.13.0/STM32CubeIDE/plugins/com.st.stm32cube.ide.mcu.externaltools.gnu-tools-for-stm32.11.3.rel1.win32_1.1.0.202305231506/tools/bin/../lib/gcc/arm-none-eabi/11.3.1/../../../../arm-none-eabi/lib/thumb/v7-m/nofp\libc_nano.a(libc_a-impure.o)
                0x000000002000002c                _impure_data
 .data._impure_ptr
                0x0000000020000078        0x4 C:/ST/STM32CubeIDE_1.13.0/STM32CubeIDE/plugins/com.st.stm32cube.ide.mcu.externaltools.gnu-tools-for-stm32.11.3.rel1.win32_1.1.0.202305231506/tools/bin/../lib/gcc/arm-none-eabi/11.3.1/../../../../arm-none-eabi/lib/thumb/v7-m/nofp\libc_nano.a(libc_a-impure.o)
                0x0000000020000078                _impure_ptr
 *(.RamFunc)
 *(.RamFunc*)
                0x000000002000007c                . = ALIGN (0x4)
                0x000000002000007c                _edata = .

.igot.plt       0x000000002000007c        0x0 load address 0x000000000800595c
 .igot.plt      0x000000002000007c        0x0 C:/ST/STM32CubeIDE_1.13.0/STM32CubeIDE/plugins/com.st.stm32cube.ide.mcu.externaltools.gnu-tools-for-stm32.11.3.rel1.win32_1.1.0.202305231506/tools/bin/../lib/gcc/arm-none-eabi/11.3.1/thumb/v7-m/nofp/crtbegin.o
                0x000000002000007c                . = ALIGN (0x4)

.bss            0x0000000020000080      0x428 load address 0x000000000800595c
                0x0000000020000080                _sbss = .
                0x0000000020000080                __bss_start__ = _sbss
 *(.bss)
 .bss           0x0000000020000080       0x1c C:/ST/STM32CubeIDE_1.13.0/STM32CubeIDE/plugins/com.st.stm32cube.ide.mcu.externaltools.gnu-tools-for-stm32.11.3.rel1.win32_1.1.0.202305231506/tools/bin/../lib/gcc/arm-none-eabi/11.3.1/thumb/v7-m/nofp/crtbegin.o
 *(.bss*)
 .bss.hi2c1     0x000000002000009c       0x54 ./Core/Src/main.o
                0x000000002000009c                hi2c1
 .bss.htim2     0x00000000200000f0       0x48 ./Core/Src/main.o
                0x00000000200000f0                htim2
 .bss.htim3     0x0000000020000138       0x48 ./Core/Src/main.o
                0x0000000020000138                htim3
 .bss.htim4     0x0000000020000180       0x48 ./Core/Src/main.o
                0x0000000020000180                htim4
 .bss.tick      0x00000000200001c8       0x64 ./Core/Src/main.o
                0x00000000200001c8                tick
 .bss.data_dht11
                0x000000002000022c        0x4 ./Core/Src/main.o
                0x000000002000022c                data_dht11
 .bss.tick_lan_truoc
                0x0000000020000230        0x4 ./Core/Src/main.o
                0x0000000020000230                tick_lan_truoc
 .bss.tick_hien_tai
                0x0000000020000234        0x4 ./Core/Src/main.o
                0x0000000020000234                tick_hien_tai
 .bss.thoi_gian_tick
                0x0000000020000238        0x4 ./Core/Src/main.o
                0x0000000020000238                thoi_gian_tick
 .bss.count_tick
                0x000000002000023c        0x4 ./Core/Src/main.o
                0x000000002000023c                count_tick
 .bss.lastDebounceTime
                0x0000000020000240        0x4 ./Core/Src/main.o
                0x0000000020000240                lastDebounceTime
 .bss.currentTime
                0x0000000020000244        0x4 ./Core/Src/main.o
                0x0000000020000244                currentTime
 .bss.flag_number
                0x0000000020000248        0x4 ./Core/Src/main.o
                0x0000000020000248                flag_number
 .bss.num1      0x000000002000024c        0x4 ./Core/Src/main.o
                0x000000002000024c                num1
 .bss.num2      0x0000000020000250        0x4 ./Core/Src/main.o
                0x0000000020000250                num2
 .bss.num3      0x0000000020000254        0x4 ./Core/Src/main.o
                0x0000000020000254                num3
 .bss.num4      0x0000000020000258        0x4 ./Core/Src/main.o
                0x0000000020000258                num4
 .bss.num5      0x000000002000025c        0x4 ./Core/Src/main.o
                0x000000002000025c                num5
 .bss.num6      0x0000000020000260        0x4 ./Core/Src/main.o
                0x0000000020000260                num6
 .bss.num7      0x0000000020000264        0x4 ./Core/Src/main.o
                0x0000000020000264                num7
 .bss.num8      0x0000000020000268        0x4 ./Core/Src/main.o
                0x0000000020000268                num8
 .bss.num9      0x000000002000026c        0x4 ./Core/Src/main.o
                0x000000002000026c                num9
 .bss.num0      0x0000000020000270        0x4 ./Core/Src/main.o
                0x0000000020000270                num0
 .bss.num_sao   0x0000000020000274        0x4 ./Core/Src/main.o
                0x0000000020000274                num_sao
 .bss.count     0x0000000020000278        0x8 ./Core/Src/main.o
                0x0000000020000278                count
 .bss.nhiet_do  0x0000000020000280       0x14 ./Core/Src/main.o
                0x0000000020000280                nhiet_do
 .bss.do_am     0x0000000020000294       0x14 ./Core/Src/main.o
                0x0000000020000294                do_am
 .bss.state_lcd
                0x00000000200002a8        0x4 ./Core/Src/main.o
                0x00000000200002a8                state_lcd
 .bss.mat_khau_user
                0x00000000200002ac        0x6 ./Core/Src/main.o
                0x00000000200002ac                mat_khau_user
 *fill*         0x00000000200002b2        0x2 
 .bss.check_pass_LCD
                0x00000000200002b4        0x4 ./Core/Src/main.o
                0x00000000200002b4                check_pass_LCD
 .bss.count_mat_khau
                0x00000000200002b8        0x4 ./Core/Src/main.o
                0x00000000200002b8                count_mat_khau
 .bss.count_may_chu_nhap_vao
                0x00000000200002bc        0x4 ./Core/Src/main.o
                0x00000000200002bc                count_may_chu_nhap_vao
 .bss.flag_di_qua_nhap_mat_khau
                0x00000000200002c0        0x4 ./Core/Src/main.o
                0x00000000200002c0                flag_di_qua_nhap_mat_khau
 .bss.flag_chuyen_lcd
                0x00000000200002c4        0x4 ./Core/Src/main.o
                0x00000000200002c4                flag_chuyen_lcd
 .bss.flag_lan_dau_nhap_mat_khau
                0x00000000200002c8        0x4 ./Core/Src/main.o
                0x00000000200002c8                flag_lan_dau_nhap_mat_khau
 .bss.count_set_ngay
                0x00000000200002cc        0x4 ./Core/Src/main.o
                0x00000000200002cc                count_set_ngay
 .bss.ngay_string
                0x00000000200002d0       0x14 ./Core/Src/main.o
                0x00000000200002d0                ngay_string
 .bss.gio_string
                0x00000000200002e4       0x14 ./Core/Src/main.o
                0x00000000200002e4                gio_string
 .bss.ngay_bao_thuc_string
                0x00000000200002f8       0x14 ./Core/Src/main.o
                0x00000000200002f8                ngay_bao_thuc_string
 .bss.gio_bao_thuc_string
                0x000000002000030c       0x14 ./Core/Src/main.o
                0x000000002000030c                gio_bao_thuc_string
 .bss.count_set_ngay1
                0x0000000020000320        0x4 ./Core/Src/main.o
                0x0000000020000320                count_set_ngay1
 .bss.count_set_bao_thuc1
                0x0000000020000324        0x4 ./Core/Src/main.o
                0x0000000020000324                count_set_bao_thuc1
 .bss.count_set_bao_thuc
                0x0000000020000328        0x4 ./Core/Src/main.o
                0x0000000020000328                count_set_bao_thuc
 .bss.val_set_ngay
                0x000000002000032c        0xe ./Core/Src/main.o
                0x000000002000032c                val_set_ngay
 *fill*         0x000000002000033a        0x2 
 .bss.val_set_ngay_bao_thuc
                0x000000002000033c        0xe ./Core/Src/main.o
                0x000000002000033c                val_set_ngay_bao_thuc
 .bss.value_ngay_bao_thuc
                0x000000002000034a        0x1 ./Core/Src/main.o
                0x000000002000034a                value_ngay_bao_thuc
 .bss.value_thang_bao_thuc
                0x000000002000034b        0x1 ./Core/Src/main.o
                0x000000002000034b                value_thang_bao_thuc
 .bss.value_giay_bao_thuc
                0x000000002000034c        0x1 ./Core/Src/main.o
                0x000000002000034c                value_giay_bao_thuc
 .bss.value_phut_bao_thuc
                0x000000002000034d        0x1 ./Core/Src/main.o
                0x000000002000034d                value_phut_bao_thuc
 .bss.value_gio_bao_thuc
                0x000000002000034e        0x1 ./Core/Src/main.o
                0x000000002000034e                value_gio_bao_thuc
 *fill*         0x000000002000034f        0x1 
 .bss.time      0x0000000020000350        0x7 ./Core/Src/main.o
                0x0000000020000350                time
 *fill*         0x0000000020000357        0x1 
 .bss.__sbrk_heap_end
                0x0000000020000358        0x4 ./Core/Src/sysmem.o
 .bss.uwTick    0x000000002000035c        0x4 ./Drivers/STM32F1xx_HAL_Driver/Src/stm32f1xx_hal.o
                0x000000002000035c                uwTick
 .bss.__sf      0x0000000020000360      0x138 C:/ST/STM32CubeIDE_1.13.0/STM32CubeIDE/plugins/com.st.stm32cube.ide.mcu.externaltools.gnu-tools-for-stm32.11.3.rel1.win32_1.1.0.202305231506/tools/bin/../lib/gcc/arm-none-eabi/11.3.1/../../../../arm-none-eabi/lib/thumb/v7-m/nofp\libc_nano.a(libc_a-findfp.o)
                0x0000000020000360                __sf
 .bss.errno     0x0000000020000498        0x4 C:/ST/STM32CubeIDE_1.13.0/STM32CubeIDE/plugins/com.st.stm32cube.ide.mcu.externaltools.gnu-tools-for-stm32.11.3.rel1.win32_1.1.0.202305231506/tools/bin/../lib/gcc/arm-none-eabi/11.3.1/../../../../arm-none-eabi/lib/thumb/v7-m/nofp\libc_nano.a(libc_a-reent.o)
                0x0000000020000498                errno
 .bss.__lock___malloc_recursive_mutex
                0x000000002000049c        0x1 C:/ST/STM32CubeIDE_1.13.0/STM32CubeIDE/plugins/com.st.stm32cube.ide.mcu.externaltools.gnu-tools-for-stm32.11.3.rel1.win32_1.1.0.202305231506/tools/bin/../lib/gcc/arm-none-eabi/11.3.1/../../../../arm-none-eabi/lib/thumb/v7-m/nofp\libc_nano.a(libc_a-lock.o)
                0x000000002000049c                __lock___malloc_recursive_mutex
 *fill*         0x000000002000049d        0x3 
 .bss.__malloc_free_list
                0x00000000200004a0        0x4 C:/ST/STM32CubeIDE_1.13.0/STM32CubeIDE/plugins/com.st.stm32cube.ide.mcu.externaltools.gnu-tools-for-stm32.11.3.rel1.win32_1.1.0.202305231506/tools/bin/../lib/gcc/arm-none-eabi/11.3.1/../../../../arm-none-eabi/lib/thumb/v7-m/nofp\libc_nano.a(libc_a-mallocr.o)
                0x00000000200004a0                __malloc_free_list
 .bss.__malloc_sbrk_start
                0x00000000200004a4        0x4 C:/ST/STM32CubeIDE_1.13.0/STM32CubeIDE/plugins/com.st.stm32cube.ide.mcu.externaltools.gnu-tools-for-stm32.11.3.rel1.win32_1.1.0.202305231506/tools/bin/../lib/gcc/arm-none-eabi/11.3.1/../../../../arm-none-eabi/lib/thumb/v7-m/nofp\libc_nano.a(libc_a-mallocr.o)
                0x00000000200004a4                __malloc_sbrk_start
 *(COMMON)
                0x00000000200004a8                . = ALIGN (0x4)
                0x00000000200004a8                _ebss = .
                0x00000000200004a8                __bss_end__ = _ebss

._user_heap_stack
                0x00000000200004a8      0x600 load address 0x000000000800595c
                0x00000000200004a8                . = ALIGN (0x8)
                [!provide]                        PROVIDE (end = .)
                0x00000000200004a8                PROVIDE (_end = .)
                0x00000000200006a8                . = (. + _Min_Heap_Size)
 *fill*         0x00000000200004a8      0x200 
                0x0000000020000aa8                . = (. + _Min_Stack_Size)
 *fill*         0x00000000200006a8      0x400 
                0x0000000020000aa8                . = ALIGN (0x8)

/DISCARD/
 libc.a(*)
 libm.a(*)
 libgcc.a(*)

.ARM.attributes
                0x0000000000000000       0x29
 *(.ARM.attributes)
 .ARM.attributes
                0x0000000000000000       0x1d C:/ST/STM32CubeIDE_1.13.0/STM32CubeIDE/plugins/com.st.stm32cube.ide.mcu.externaltools.gnu-tools-for-stm32.11.3.rel1.win32_1.1.0.202305231506/tools/bin/../lib/gcc/arm-none-eabi/11.3.1/thumb/v7-m/nofp/crti.o
 .ARM.attributes
                0x000000000000001d       0x2d C:/ST/STM32CubeIDE_1.13.0/STM32CubeIDE/plugins/com.st.stm32cube.ide.mcu.externaltools.gnu-tools-for-stm32.11.3.rel1.win32_1.1.0.202305231506/tools/bin/../lib/gcc/arm-none-eabi/11.3.1/thumb/v7-m/nofp/crtbegin.o
 .ARM.attributes
                0x000000000000004a       0x2d ./Core/Src/main.o
 .ARM.attributes
                0x0000000000000077       0x2d ./Core/Src/stm32f1xx_hal_msp.o
 .ARM.attributes
                0x00000000000000a4       0x2d ./Core/Src/stm32f1xx_it.o
 .ARM.attributes
                0x00000000000000d1       0x2d ./Core/Src/sysmem.o
 .ARM.attributes
                0x00000000000000fe       0x2d ./Core/Src/system_stm32f1xx.o
 .ARM.attributes
                0x000000000000012b       0x21 ./Core/Startup/startup_stm32f103c8tx.o
 .ARM.attributes
                0x000000000000014c       0x2d ./Drivers/STM32F1xx_HAL_Driver/Src/stm32f1xx_hal.o
 .ARM.attributes
                0x0000000000000179       0x2d ./Drivers/STM32F1xx_HAL_Driver/Src/stm32f1xx_hal_cortex.o
 .ARM.attributes
                0x00000000000001a6       0x2d ./Drivers/STM32F1xx_HAL_Driver/Src/stm32f1xx_hal_gpio.o
 .ARM.attributes
                0x00000000000001d3       0x2d ./Drivers/STM32F1xx_HAL_Driver/Src/stm32f1xx_hal_i2c.o
 .ARM.attributes
                0x0000000000000200       0x2d ./Drivers/STM32F1xx_HAL_Driver/Src/stm32f1xx_hal_rcc.o
 .ARM.attributes
                0x000000000000022d       0x2d ./Drivers/STM32F1xx_HAL_Driver/Src/stm32f1xx_hal_tim.o
 .ARM.attributes
                0x000000000000025a       0x2d ./Drivers/STM32F1xx_HAL_Driver/Src/stm32f1xx_hal_tim_ex.o
 .ARM.attributes
                0x0000000000000287       0x2d ./LCD/LCD.o
 .ARM.attributes
                0x00000000000002b4       0x2d C:/ST/STM32CubeIDE_1.13.0/STM32CubeIDE/plugins/com.st.stm32cube.ide.mcu.externaltools.gnu-tools-for-stm32.11.3.rel1.win32_1.1.0.202305231506/tools/bin/../lib/gcc/arm-none-eabi/11.3.1/../../../../arm-none-eabi/lib/thumb/v7-m/nofp\libc_nano.a(libc_a-findfp.o)
 .ARM.attributes
                0x00000000000002e1       0x2d C:/ST/STM32CubeIDE_1.13.0/STM32CubeIDE/plugins/com.st.stm32cube.ide.mcu.externaltools.gnu-tools-for-stm32.11.3.rel1.win32_1.1.0.202305231506/tools/bin/../lib/gcc/arm-none-eabi/11.3.1/../../../../arm-none-eabi/lib/thumb/v7-m/nofp\libc_nano.a(libc_a-sprintf.o)
 .ARM.attributes
                0x000000000000030e       0x2d C:/ST/STM32CubeIDE_1.13.0/STM32CubeIDE/plugins/com.st.stm32cube.ide.mcu.externaltools.gnu-tools-for-stm32.11.3.rel1.win32_1.1.0.202305231506/tools/bin/../lib/gcc/arm-none-eabi/11.3.1/../../../../arm-none-eabi/lib/thumb/v7-m/nofp\libc_nano.a(libc_a-memset.o)
 .ARM.attributes
                0x000000000000033b       0x2d C:/ST/STM32CubeIDE_1.13.0/STM32CubeIDE/plugins/com.st.stm32cube.ide.mcu.externaltools.gnu-tools-for-stm32.11.3.rel1.win32_1.1.0.202305231506/tools/bin/../lib/gcc/arm-none-eabi/11.3.1/../../../../arm-none-eabi/lib/thumb/v7-m/nofp\libc_nano.a(libc_a-reent.o)
 .ARM.attributes
                0x0000000000000368       0x2d C:/ST/STM32CubeIDE_1.13.0/STM32CubeIDE/plugins/com.st.stm32cube.ide.mcu.externaltools.gnu-tools-for-stm32.11.3.rel1.win32_1.1.0.202305231506/tools/bin/../lib/gcc/arm-none-eabi/11.3.1/../../../../arm-none-eabi/lib/thumb/v7-m/nofp\libc_nano.a(libc_a-impure.o)
 .ARM.attributes
                0x0000000000000395       0x2d C:/ST/STM32CubeIDE_1.13.0/STM32CubeIDE/plugins/com.st.stm32cube.ide.mcu.externaltools.gnu-tools-for-stm32.11.3.rel1.win32_1.1.0.202305231506/tools/bin/../lib/gcc/arm-none-eabi/11.3.1/../../../../arm-none-eabi/lib/thumb/v7-m/nofp\libc_nano.a(libc_a-errno.o)
 .ARM.attributes
                0x00000000000003c2       0x2d C:/ST/STM32CubeIDE_1.13.0/STM32CubeIDE/plugins/com.st.stm32cube.ide.mcu.externaltools.gnu-tools-for-stm32.11.3.rel1.win32_1.1.0.202305231506/tools/bin/../lib/gcc/arm-none-eabi/11.3.1/../../../../arm-none-eabi/lib/thumb/v7-m/nofp\libc_nano.a(libc_a-init.o)
 .ARM.attributes
                0x00000000000003ef       0x2d C:/ST/STM32CubeIDE_1.13.0/STM32CubeIDE/plugins/com.st.stm32cube.ide.mcu.externaltools.gnu-tools-for-stm32.11.3.rel1.win32_1.1.0.202305231506/tools/bin/../lib/gcc/arm-none-eabi/11.3.1/../../../../arm-none-eabi/lib/thumb/v7-m/nofp\libc_nano.a(libc_a-lock.o)
 .ARM.attributes
                0x000000000000041c       0x2d C:/ST/STM32CubeIDE_1.13.0/STM32CubeIDE/plugins/com.st.stm32cube.ide.mcu.externaltools.gnu-tools-for-stm32.11.3.rel1.win32_1.1.0.202305231506/tools/bin/../lib/gcc/arm-none-eabi/11.3.1/../../../../arm-none-eabi/lib/thumb/v7-m/nofp\libc_nano.a(libc_a-freer.o)
 .ARM.attributes
                0x0000000000000449       0x2d C:/ST/STM32CubeIDE_1.13.0/STM32CubeIDE/plugins/com.st.stm32cube.ide.mcu.externaltools.gnu-tools-for-stm32.11.3.rel1.win32_1.1.0.202305231506/tools/bin/../lib/gcc/arm-none-eabi/11.3.1/../../../../arm-none-eabi/lib/thumb/v7-m/nofp\libc_nano.a(libc_a-mallocr.o)
 .ARM.attributes
                0x0000000000000476       0x2d C:/ST/STM32CubeIDE_1.13.0/STM32CubeIDE/plugins/com.st.stm32cube.ide.mcu.externaltools.gnu-tools-for-stm32.11.3.rel1.win32_1.1.0.202305231506/tools/bin/../lib/gcc/arm-none-eabi/11.3.1/../../../../arm-none-eabi/lib/thumb/v7-m/nofp\libc_nano.a(libc_a-mlock.o)
 .ARM.attributes
                0x00000000000004a3       0x2d C:/ST/STM32CubeIDE_1.13.0/STM32CubeIDE/plugins/com.st.stm32cube.ide.mcu.externaltools.gnu-tools-for-stm32.11.3.rel1.win32_1.1.0.202305231506/tools/bin/../lib/gcc/arm-none-eabi/11.3.1/../../../../arm-none-eabi/lib/thumb/v7-m/nofp\libc_nano.a(libc_a-nano-svfprintf.o)
 .ARM.attributes
                0x00000000000004d0       0x2d C:/ST/STM32CubeIDE_1.13.0/STM32CubeIDE/plugins/com.st.stm32cube.ide.mcu.externaltools.gnu-tools-for-stm32.11.3.rel1.win32_1.1.0.202305231506/tools/bin/../lib/gcc/arm-none-eabi/11.3.1/../../../../arm-none-eabi/lib/thumb/v7-m/nofp\libc_nano.a(libc_a-nano-vfprintf_i.o)
 .ARM.attributes
                0x00000000000004fd       0x2d C:/ST/STM32CubeIDE_1.13.0/STM32CubeIDE/plugins/com.st.stm32cube.ide.mcu.externaltools.gnu-tools-for-stm32.11.3.rel1.win32_1.1.0.202305231506/tools/bin/../lib/gcc/arm-none-eabi/11.3.1/../../../../arm-none-eabi/lib/thumb/v7-m/nofp\libc_nano.a(libc_a-memmove.o)
 .ARM.attributes
                0x000000000000052a       0x2d C:/ST/STM32CubeIDE_1.13.0/STM32CubeIDE/plugins/com.st.stm32cube.ide.mcu.externaltools.gnu-tools-for-stm32.11.3.rel1.win32_1.1.0.202305231506/tools/bin/../lib/gcc/arm-none-eabi/11.3.1/../../../../arm-none-eabi/lib/thumb/v7-m/nofp\libc_nano.a(libc_a-sbrkr.o)
 .ARM.attributes
                0x0000000000000557       0x2d C:/ST/STM32CubeIDE_1.13.0/STM32CubeIDE/plugins/com.st.stm32cube.ide.mcu.externaltools.gnu-tools-for-stm32.11.3.rel1.win32_1.1.0.202305231506/tools/bin/../lib/gcc/arm-none-eabi/11.3.1/../../../../arm-none-eabi/lib/thumb/v7-m/nofp\libc_nano.a(libc_a-memchr-stub.o)
 .ARM.attributes
                0x0000000000000584       0x2d C:/ST/STM32CubeIDE_1.13.0/STM32CubeIDE/plugins/com.st.stm32cube.ide.mcu.externaltools.gnu-tools-for-stm32.11.3.rel1.win32_1.1.0.202305231506/tools/bin/../lib/gcc/arm-none-eabi/11.3.1/../../../../arm-none-eabi/lib/thumb/v7-m/nofp\libc_nano.a(libc_a-memcpy-stub.o)
 .ARM.attributes
                0x00000000000005b1       0x2d C:/ST/STM32CubeIDE_1.13.0/STM32CubeIDE/plugins/com.st.stm32cube.ide.mcu.externaltools.gnu-tools-for-stm32.11.3.rel1.win32_1.1.0.202305231506/tools/bin/../lib/gcc/arm-none-eabi/11.3.1/../../../../arm-none-eabi/lib/thumb/v7-m/nofp\libc_nano.a(libc_a-reallocr.o)
 .ARM.attributes
                0x00000000000005de       0x2d C:/ST/STM32CubeIDE_1.13.0/STM32CubeIDE/plugins/com.st.stm32cube.ide.mcu.externaltools.gnu-tools-for-stm32.11.3.rel1.win32_1.1.0.202305231506/tools/bin/../lib/gcc/arm-none-eabi/11.3.1/../../../../arm-none-eabi/lib/thumb/v7-m/nofp\libc_nano.a(libc_a-msizer.o)
 .ARM.attributes
                0x000000000000060b       0x1d C:/ST/STM32CubeIDE_1.13.0/STM32CubeIDE/plugins/com.st.stm32cube.ide.mcu.externaltools.gnu-tools-for-stm32.11.3.rel1.win32_1.1.0.202305231506/tools/bin/../lib/gcc/arm-none-eabi/11.3.1/thumb/v7-m/nofp/crtn.o
OUTPUT(BTL_HTN.elf elf32-littlearm)
LOAD linker stubs
LOAD C:/ST/STM32CubeIDE_1.13.0/STM32CubeIDE/plugins/com.st.stm32cube.ide.mcu.externaltools.gnu-tools-for-stm32.11.3.rel1.win32_1.1.0.202305231506/tools/bin/../lib/gcc/arm-none-eabi/11.3.1/../../../../arm-none-eabi/lib/thumb/v7-m/nofp\libc.a
LOAD C:/ST/STM32CubeIDE_1.13.0/STM32CubeIDE/plugins/com.st.stm32cube.ide.mcu.externaltools.gnu-tools-for-stm32.11.3.rel1.win32_1.1.0.202305231506/tools/bin/../lib/gcc/arm-none-eabi/11.3.1/../../../../arm-none-eabi/lib/thumb/v7-m/nofp\libm.a
LOAD C:/ST/STM32CubeIDE_1.13.0/STM32CubeIDE/plugins/com.st.stm32cube.ide.mcu.externaltools.gnu-tools-for-stm32.11.3.rel1.win32_1.1.0.202305231506/tools/bin/../lib/gcc/arm-none-eabi/11.3.1/thumb/v7-m/nofp\libgcc.a

.comment        0x0000000000000000       0x43
 .comment       0x0000000000000000       0x43 C:/ST/STM32CubeIDE_1.13.0/STM32CubeIDE/plugins/com.st.stm32cube.ide.mcu.externaltools.gnu-tools-for-stm32.11.3.rel1.win32_1.1.0.202305231506/tools/bin/../lib/gcc/arm-none-eabi/11.3.1/thumb/v7-m/nofp/crtbegin.o
                                         0x44 (size before relaxing)
 .comment       0x0000000000000043       0x44 ./Core/Src/main.o
 .comment       0x0000000000000043       0x44 ./Core/Src/stm32f1xx_hal_msp.o
 .comment       0x0000000000000043       0x44 ./Core/Src/stm32f1xx_it.o
 .comment       0x0000000000000043       0x44 ./Core/Src/sysmem.o
 .comment       0x0000000000000043       0x44 ./Core/Src/system_stm32f1xx.o
 .comment       0x0000000000000043       0x44 ./Drivers/STM32F1xx_HAL_Driver/Src/stm32f1xx_hal.o
 .comment       0x0000000000000043       0x44 ./Drivers/STM32F1xx_HAL_Driver/Src/stm32f1xx_hal_cortex.o
 .comment       0x0000000000000043       0x44 ./Drivers/STM32F1xx_HAL_Driver/Src/stm32f1xx_hal_gpio.o
 .comment       0x0000000000000043       0x44 ./Drivers/STM32F1xx_HAL_Driver/Src/stm32f1xx_hal_i2c.o
 .comment       0x0000000000000043       0x44 ./Drivers/STM32F1xx_HAL_Driver/Src/stm32f1xx_hal_rcc.o
 .comment       0x0000000000000043       0x44 ./Drivers/STM32F1xx_HAL_Driver/Src/stm32f1xx_hal_tim.o
 .comment       0x0000000000000043       0x44 ./Drivers/STM32F1xx_HAL_Driver/Src/stm32f1xx_hal_tim_ex.o
 .comment       0x0000000000000043       0x44 ./LCD/LCD.o

.debug_info     0x0000000000000000     0xbd80
 .debug_info    0x0000000000000000     0x1c34 ./Core/Src/main.o
 .debug_info    0x0000000000001c34      0xd27 ./Core/Src/stm32f1xx_hal_msp.o
 .debug_info    0x000000000000295b      0x751 ./Core/Src/stm32f1xx_it.o
 .debug_info    0x00000000000030ac      0x168 ./Core/Src/sysmem.o
 .debug_info    0x0000000000003214      0x222 ./Core/Src/system_stm32f1xx.o
 .debug_info    0x0000000000003436       0x23 ./Core/Startup/startup_stm32f103c8tx.o
 .debug_info    0x0000000000003459      0x704 ./Drivers/STM32F1xx_HAL_Driver/Src/stm32f1xx_hal.o
 .debug_info    0x0000000000003b5d      0xa87 ./Drivers/STM32F1xx_HAL_Driver/Src/stm32f1xx_hal_cortex.o
 .debug_info    0x00000000000045e4      0x5ab ./Drivers/STM32F1xx_HAL_Driver/Src/stm32f1xx_hal_gpio.o
 .debug_info    0x0000000000004b8f     0x2515 ./Drivers/STM32F1xx_HAL_Driver/Src/stm32f1xx_hal_i2c.o
 .debug_info    0x00000000000070a4      0x7d5 ./Drivers/STM32F1xx_HAL_Driver/Src/stm32f1xx_hal_rcc.o
 .debug_info    0x0000000000007879     0x293b ./Drivers/STM32F1xx_HAL_Driver/Src/stm32f1xx_hal_tim.o
 .debug_info    0x000000000000a1b4     0x149b ./Drivers/STM32F1xx_HAL_Driver/Src/stm32f1xx_hal_tim_ex.o
 .debug_info    0x000000000000b64f      0x731 ./LCD/LCD.o

.debug_abbrev   0x0000000000000000     0x1c2b
 .debug_abbrev  0x0000000000000000      0x389 ./Core/Src/main.o
 .debug_abbrev  0x0000000000000389      0x1d5 ./Core/Src/stm32f1xx_hal_msp.o
 .debug_abbrev  0x000000000000055e      0x1c3 ./Core/Src/stm32f1xx_it.o
 .debug_abbrev  0x0000000000000721       0xbc ./Core/Src/sysmem.o
 .debug_abbrev  0x00000000000007dd      0x13f ./Core/Src/system_stm32f1xx.o
 .debug_abbrev  0x000000000000091c       0x12 ./Core/Startup/startup_stm32f103c8tx.o
 .debug_abbrev  0x000000000000092e      0x201 ./Drivers/STM32F1xx_HAL_Driver/Src/stm32f1xx_hal.o
 .debug_abbrev  0x0000000000000b2f      0x2f8 ./Drivers/STM32F1xx_HAL_Driver/Src/stm32f1xx_hal_cortex.o
 .debug_abbrev  0x0000000000000e27      0x1ca ./Drivers/STM32F1xx_HAL_Driver/Src/stm32f1xx_hal_gpio.o
 .debug_abbrev  0x0000000000000ff1      0x2a3 ./Drivers/STM32F1xx_HAL_Driver/Src/stm32f1xx_hal_i2c.o
 .debug_abbrev  0x0000000000001294      0x2b3 ./Drivers/STM32F1xx_HAL_Driver/Src/stm32f1xx_hal_rcc.o
 .debug_abbrev  0x0000000000001547      0x277 ./Drivers/STM32F1xx_HAL_Driver/Src/stm32f1xx_hal_tim.o
 .debug_abbrev  0x00000000000017be      0x282 ./Drivers/STM32F1xx_HAL_Driver/Src/stm32f1xx_hal_tim_ex.o
 .debug_abbrev  0x0000000000001a40      0x1eb ./LCD/LCD.o

.debug_aranges  0x0000000000000000      0xce0
 .debug_aranges
                0x0000000000000000       0xa0 ./Core/Src/main.o
 .debug_aranges
                0x00000000000000a0       0x40 ./Core/Src/stm32f1xx_hal_msp.o
 .debug_aranges
                0x00000000000000e0       0xa0 ./Core/Src/stm32f1xx_it.o
 .debug_aranges
                0x0000000000000180       0x20 ./Core/Src/sysmem.o
 .debug_aranges
                0x00000000000001a0       0x28 ./Core/Src/system_stm32f1xx.o
 .debug_aranges
                0x00000000000001c8       0x28 ./Core/Startup/startup_stm32f103c8tx.o
 .debug_aranges
                0x00000000000001f0       0xe0 ./Drivers/STM32F1xx_HAL_Driver/Src/stm32f1xx_hal.o
 .debug_aranges
                0x00000000000002d0      0x100 ./Drivers/STM32F1xx_HAL_Driver/Src/stm32f1xx_hal_cortex.o
 .debug_aranges
                0x00000000000003d0       0x58 ./Drivers/STM32F1xx_HAL_Driver/Src/stm32f1xx_hal_gpio.o
 .debug_aranges
                0x0000000000000428      0x2a8 ./Drivers/STM32F1xx_HAL_Driver/Src/stm32f1xx_hal_i2c.o
 .debug_aranges
                0x00000000000006d0       0x90 ./Drivers/STM32F1xx_HAL_Driver/Src/stm32f1xx_hal_rcc.o
 .debug_aranges
                0x0000000000000760      0x3d0 ./Drivers/STM32F1xx_HAL_Driver/Src/stm32f1xx_hal_tim.o
 .debug_aranges
                0x0000000000000b30      0x168 ./Drivers/STM32F1xx_HAL_Driver/Src/stm32f1xx_hal_tim_ex.o
 .debug_aranges
                0x0000000000000c98       0x48 ./LCD/LCD.o

.debug_rnglists
                0x0000000000000000      0xa1a
 .debug_rnglists
                0x0000000000000000       0x80 ./Core/Src/main.o
 .debug_rnglists
                0x0000000000000080       0x2c ./Core/Src/stm32f1xx_hal_msp.o
 .debug_rnglists
                0x00000000000000ac       0x73 ./Core/Src/stm32f1xx_it.o
 .debug_rnglists
                0x000000000000011f       0x13 ./Core/Src/sysmem.o
 .debug_rnglists
                0x0000000000000132       0x1a ./Core/Src/system_stm32f1xx.o
 .debug_rnglists
                0x000000000000014c       0x19 ./Core/Startup/startup_stm32f103c8tx.o
 .debug_rnglists
                0x0000000000000165       0xa3 ./Drivers/STM32F1xx_HAL_Driver/Src/stm32f1xx_hal.o
 .debug_rnglists
                0x0000000000000208       0xbb ./Drivers/STM32F1xx_HAL_Driver/Src/stm32f1xx_hal_cortex.o
 .debug_rnglists
                0x00000000000002c3       0x3f ./Drivers/STM32F1xx_HAL_Driver/Src/stm32f1xx_hal_gpio.o
 .debug_rnglists
                0x0000000000000302      0x23c ./Drivers/STM32F1xx_HAL_Driver/Src/stm32f1xx_hal_i2c.o
 .debug_rnglists
                0x000000000000053e       0x6c ./Drivers/STM32F1xx_HAL_Driver/Src/stm32f1xx_hal_rcc.o
 .debug_rnglists
                0x00000000000005aa      0x31a ./Drivers/STM32F1xx_HAL_Driver/Src/stm32f1xx_hal_tim.o
 .debug_rnglists
                0x00000000000008c4      0x125 ./Drivers/STM32F1xx_HAL_Driver/Src/stm32f1xx_hal_tim_ex.o
 .debug_rnglists
                0x00000000000009e9       0x31 ./LCD/LCD.o

.debug_macro    0x0000000000000000    0x17a58
 .debug_macro   0x0000000000000000      0x2c9 ./Core/Src/main.o
 .debug_macro   0x00000000000002c9      0xa9c ./Core/Src/main.o
 .debug_macro   0x0000000000000d65      0x21b ./Core/Src/main.o
 .debug_macro   0x0000000000000f80       0x2e ./Core/Src/main.o
 .debug_macro   0x0000000000000fae       0x22 ./Core/Src/main.o
 .debug_macro   0x0000000000000fd0       0x22 ./Core/Src/main.o
 .debug_macro   0x0000000000000ff2       0x8e ./Core/Src/main.o
 .debug_macro   0x0000000000001080       0x51 ./Core/Src/main.o
 .debug_macro   0x00000000000010d1      0x103 ./Core/Src/main.o
 .debug_macro   0x00000000000011d4       0x6a ./Core/Src/main.o
 .debug_macro   0x000000000000123e      0x1df ./Core/Src/main.o
 .debug_macro   0x000000000000141d       0x1c ./Core/Src/main.o
 .debug_macro   0x0000000000001439       0x22 ./Core/Src/main.o
 .debug_macro   0x000000000000145b       0xbd ./Core/Src/main.o
 .debug_macro   0x0000000000001518      0xd23 ./Core/Src/main.o
 .debug_macro   0x000000000000223b     0xe09e ./Core/Src/main.o
 .debug_macro   0x00000000000102d9       0x6d ./Core/Src/main.o
 .debug_macro   0x0000000000010346     0x348d ./Core/Src/main.o
 .debug_macro   0x00000000000137d3      0x174 ./Core/Src/main.o
 .debug_macro   0x0000000000013947       0x5c ./Core/Src/main.o
 .debug_macro   0x00000000000139a3      0x5bc ./Core/Src/main.o
 .debug_macro   0x0000000000013f5f      0x289 ./Core/Src/main.o
 .debug_macro   0x00000000000141e8      0x1cb ./Core/Src/main.o
 .debug_macro   0x00000000000143b3      0x114 ./Core/Src/main.o
 .debug_macro   0x00000000000144c7      0x1b2 ./Core/Src/main.o
 .debug_macro   0x0000000000014679       0x27 ./Core/Src/main.o
 .debug_macro   0x00000000000146a0      0x136 ./Core/Src/main.o
 .debug_macro   0x00000000000147d6      0x1bc ./Core/Src/main.o
 .debug_macro   0x0000000000014992       0x34 ./Core/Src/main.o
 .debug_macro   0x00000000000149c6       0x3c ./Core/Src/main.o
 .debug_macro   0x0000000000014a02       0x57 ./Core/Src/main.o
 .debug_macro   0x0000000000014a59       0x87 ./Core/Src/main.o
 .debug_macro   0x0000000000014ae0      0x240 ./Core/Src/main.o
 .debug_macro   0x0000000000014d20      0x287 ./Core/Src/main.o
 .debug_macro   0x0000000000014fa7      0x140 ./Core/Src/main.o
 .debug_macro   0x00000000000150e7      0x8ed ./Core/Src/main.o
 .debug_macro   0x00000000000159d4       0x83 ./Core/Src/main.o
 .debug_macro   0x0000000000015a57       0x61 ./Core/Src/main.o
 .debug_macro   0x0000000000015ab8       0x24 ./Core/Src/main.o
 .debug_macro   0x0000000000015adc       0x43 ./Core/Src/main.o
 .debug_macro   0x0000000000015b1f       0x34 ./Core/Src/main.o
 .debug_macro   0x0000000000015b53       0x16 ./Core/Src/main.o
 .debug_macro   0x0000000000015b69       0x43 ./Core/Src/main.o
 .debug_macro   0x0000000000015bac       0x34 ./Core/Src/main.o
 .debug_macro   0x0000000000015be0       0x10 ./Core/Src/main.o
 .debug_macro   0x0000000000015bf0       0x58 ./Core/Src/main.o
 .debug_macro   0x0000000000015c48       0x8e ./Core/Src/main.o
 .debug_macro   0x0000000000015cd6       0x1c ./Core/Src/main.o
 .debug_macro   0x0000000000015cf2      0x177 ./Core/Src/main.o
 .debug_macro   0x0000000000015e69      0x369 ./Core/Src/main.o
 .debug_macro   0x00000000000161d2       0x10 ./Core/Src/main.o
 .debug_macro   0x00000000000161e2       0x35 ./Core/Src/main.o
 .debug_macro   0x0000000000016217       0x20 ./Core/Src/main.o
 .debug_macro   0x0000000000016237       0x1c ./Core/Src/main.o
 .debug_macro   0x0000000000016253       0x10 ./Core/Src/main.o
 .debug_macro   0x0000000000016263       0x1c ./Core/Src/main.o
 .debug_macro   0x000000000001627f       0x16 ./Core/Src/main.o
 .debug_macro   0x0000000000016295      0x147 ./Core/Src/main.o
 .debug_macro   0x00000000000163dc       0x22 ./Core/Src/main.o
 .debug_macro   0x00000000000163fe      0x1ad ./Core/Src/stm32f1xx_hal_msp.o
 .debug_macro   0x00000000000165ab      0x1b7 ./Core/Src/stm32f1xx_it.o
 .debug_macro   0x0000000000016762       0xff ./Core/Src/sysmem.o
 .debug_macro   0x0000000000016861      0x23c ./Core/Src/sysmem.o
 .debug_macro   0x0000000000016a9d      0x1a3 ./Core/Src/system_stm32f1xx.o
 .debug_macro   0x0000000000016c40      0x1c7 ./Drivers/STM32F1xx_HAL_Driver/Src/stm32f1xx_hal.o
 .debug_macro   0x0000000000016e07      0x1a3 ./Drivers/STM32F1xx_HAL_Driver/Src/stm32f1xx_hal_cortex.o
 .debug_macro   0x0000000000016faa      0x20e ./Drivers/STM32F1xx_HAL_Driver/Src/stm32f1xx_hal_gpio.o
 .debug_macro   0x00000000000171b8      0x1f1 ./Drivers/STM32F1xx_HAL_Driver/Src/stm32f1xx_hal_i2c.o
 .debug_macro   0x00000000000173a9      0x1b5 ./Drivers/STM32F1xx_HAL_Driver/Src/stm32f1xx_hal_rcc.o
 .debug_macro   0x000000000001755e      0x1a4 ./Drivers/STM32F1xx_HAL_Driver/Src/stm32f1xx_hal_tim.o
 .debug_macro   0x0000000000017702      0x1a3 ./Drivers/STM32F1xx_HAL_Driver/Src/stm32f1xx_hal_tim_ex.o
 .debug_macro   0x00000000000178a5      0x1b3 ./LCD/LCD.o

.debug_line     0x0000000000000000     0xf05f
 .debug_line    0x0000000000000000     0x1509 ./Core/Src/main.o
 .debug_line    0x0000000000001509      0x7c7 ./Core/Src/stm32f1xx_hal_msp.o
 .debug_line    0x0000000000001cd0      0x87e ./Core/Src/stm32f1xx_it.o
 .debug_line    0x000000000000254e      0x579 ./Core/Src/sysmem.o
 .debug_line    0x0000000000002ac7      0x77a ./Core/Src/system_stm32f1xx.o
 .debug_line    0x0000000000003241       0x78 ./Core/Startup/startup_stm32f103c8tx.o
 .debug_line    0x00000000000032b9      0x9a7 ./Drivers/STM32F1xx_HAL_Driver/Src/stm32f1xx_hal.o
 .debug_line    0x0000000000003c60      0xb8f ./Drivers/STM32F1xx_HAL_Driver/Src/stm32f1xx_hal_cortex.o
 .debug_line    0x00000000000047ef      0xa40 ./Drivers/STM32F1xx_HAL_Driver/Src/stm32f1xx_hal_gpio.o
 .debug_line    0x000000000000522f     0x3b1e ./Drivers/STM32F1xx_HAL_Driver/Src/stm32f1xx_hal_i2c.o
 .debug_line    0x0000000000008d4d      0xdb0 ./Drivers/STM32F1xx_HAL_Driver/Src/stm32f1xx_hal_rcc.o
 .debug_line    0x0000000000009afd     0x3493 ./Drivers/STM32F1xx_HAL_Driver/Src/stm32f1xx_hal_tim.o
 .debug_line    0x000000000000cf90     0x1906 ./Drivers/STM32F1xx_HAL_Driver/Src/stm32f1xx_hal_tim_ex.o
 .debug_line    0x000000000000e896      0x7c9 ./LCD/LCD.o

.debug_str      0x0000000000000000    0x8a9ba
 .debug_str     0x0000000000000000    0x87919 ./Core/Src/main.o
                                      0x87e69 (size before relaxing)
 .debug_str     0x0000000000087919       0x99 ./Core/Src/stm32f1xx_hal_msp.o
                                      0x83d88 (size before relaxing)
 .debug_str     0x00000000000879b2      0x17c ./Core/Src/stm32f1xx_it.o
                                      0x8383a (size before relaxing)
 .debug_str     0x0000000000087b2e      0x4dc ./Core/Src/sysmem.o
                                       0x6004 (size before relaxing)
 .debug_str     0x000000000008800a       0x7e ./Core/Src/system_stm32f1xx.o
                                      0x832af (size before relaxing)
 .debug_str     0x0000000000088088       0x34 ./Core/Startup/startup_stm32f103c8tx.o
                                         0x6e (size before relaxing)
 .debug_str     0x00000000000880bc      0x378 ./Drivers/STM32F1xx_HAL_Driver/Src/stm32f1xx_hal.o
                                      0x839e2 (size before relaxing)
 .debug_str     0x0000000000088434      0x29e ./Drivers/STM32F1xx_HAL_Driver/Src/stm32f1xx_hal_cortex.o
                                      0x8392e (size before relaxing)
 .debug_str     0x00000000000886d2      0x2c0 ./Drivers/STM32F1xx_HAL_Driver/Src/stm32f1xx_hal_gpio.o
                                      0x83635 (size before relaxing)
 .debug_str     0x0000000000088992      0xbb2 ./Drivers/STM32F1xx_HAL_Driver/Src/stm32f1xx_hal_i2c.o
                                      0x84376 (size before relaxing)
 .debug_str     0x0000000000089544      0x209 ./Drivers/STM32F1xx_HAL_Driver/Src/stm32f1xx_hal_rcc.o
                                      0x836de (size before relaxing)
 .debug_str     0x000000000008974d      0xd93 ./Drivers/STM32F1xx_HAL_Driver/Src/stm32f1xx_hal_tim.o
                                      0x846d0 (size before relaxing)
 .debug_str     0x000000000008a4e0      0x493 ./Drivers/STM32F1xx_HAL_Driver/Src/stm32f1xx_hal_tim_ex.o
                                      0x83eec (size before relaxing)
 .debug_str     0x000000000008a973       0x47 ./LCD/LCD.o
                                      0x83746 (size before relaxing)

.debug_frame    0x0000000000000000     0x3b74
 .debug_frame   0x0000000000000000      0x280 ./Core/Src/main.o
 .debug_frame   0x0000000000000280       0xc8 ./Core/Src/stm32f1xx_hal_msp.o
 .debug_frame   0x0000000000000348      0x1e4 ./Core/Src/stm32f1xx_it.o
 .debug_frame   0x000000000000052c       0x34 ./Core/Src/sysmem.o
 .debug_frame   0x0000000000000560       0x58 ./Core/Src/system_stm32f1xx.o
 .debug_frame   0x00000000000005b8      0x334 ./Drivers/STM32F1xx_HAL_Driver/Src/stm32f1xx_hal.o
 .debug_frame   0x00000000000008ec      0x428 ./Drivers/STM32F1xx_HAL_Driver/Src/stm32f1xx_hal_cortex.o
 .debug_frame   0x0000000000000d14      0x14c ./Drivers/STM32F1xx_HAL_Driver/Src/stm32f1xx_hal_gpio.o
 .debug_frame   0x0000000000000e60      0xc84 ./Drivers/STM32F1xx_HAL_Driver/Src/stm32f1xx_hal_i2c.o
 .debug_frame   0x0000000000001ae4      0x218 ./Drivers/STM32F1xx_HAL_Driver/Src/stm32f1xx_hal_rcc.o
 .debug_frame   0x0000000000001cfc     0x11bc ./Drivers/STM32F1xx_HAL_Driver/Src/stm32f1xx_hal_tim.o
 .debug_frame   0x0000000000002eb8      0x638 ./Drivers/STM32F1xx_HAL_Driver/Src/stm32f1xx_hal_tim_ex.o
 .debug_frame   0x00000000000034f0       0xe0 ./LCD/LCD.o
 .debug_frame   0x00000000000035d0      0x13c C:/ST/STM32CubeIDE_1.13.0/STM32CubeIDE/plugins/com.st.stm32cube.ide.mcu.externaltools.gnu-tools-for-stm32.11.3.rel1.win32_1.1.0.202305231506/tools/bin/../lib/gcc/arm-none-eabi/11.3.1/../../../../arm-none-eabi/lib/thumb/v7-m/nofp\libc_nano.a(libc_a-findfp.o)
 .debug_frame   0x000000000000370c       0x6c C:/ST/STM32CubeIDE_1.13.0/STM32CubeIDE/plugins/com.st.stm32cube.ide.mcu.externaltools.gnu-tools-for-stm32.11.3.rel1.win32_1.1.0.202305231506/tools/bin/../lib/gcc/arm-none-eabi/11.3.1/../../../../arm-none-eabi/lib/thumb/v7-m/nofp\libc_nano.a(libc_a-sprintf.o)
 .debug_frame   0x0000000000003778       0x20 C:/ST/STM32CubeIDE_1.13.0/STM32CubeIDE/plugins/com.st.stm32cube.ide.mcu.externaltools.gnu-tools-for-stm32.11.3.rel1.win32_1.1.0.202305231506/tools/bin/../lib/gcc/arm-none-eabi/11.3.1/../../../../arm-none-eabi/lib/thumb/v7-m/nofp\libc_nano.a(libc_a-memset.o)
 .debug_frame   0x0000000000003798       0x38 C:/ST/STM32CubeIDE_1.13.0/STM32CubeIDE/plugins/com.st.stm32cube.ide.mcu.externaltools.gnu-tools-for-stm32.11.3.rel1.win32_1.1.0.202305231506/tools/bin/../lib/gcc/arm-none-eabi/11.3.1/../../../../arm-none-eabi/lib/thumb/v7-m/nofp\libc_nano.a(libc_a-reent.o)
 .debug_frame   0x00000000000037d0       0x20 C:/ST/STM32CubeIDE_1.13.0/STM32CubeIDE/plugins/com.st.stm32cube.ide.mcu.externaltools.gnu-tools-for-stm32.11.3.rel1.win32_1.1.0.202305231506/tools/bin/../lib/gcc/arm-none-eabi/11.3.1/../../../../arm-none-eabi/lib/thumb/v7-m/nofp\libc_nano.a(libc_a-errno.o)
 .debug_frame   0x00000000000037f0       0x2c C:/ST/STM32CubeIDE_1.13.0/STM32CubeIDE/plugins/com.st.stm32cube.ide.mcu.externaltools.gnu-tools-for-stm32.11.3.rel1.win32_1.1.0.202305231506/tools/bin/../lib/gcc/arm-none-eabi/11.3.1/../../../../arm-none-eabi/lib/thumb/v7-m/nofp\libc_nano.a(libc_a-init.o)
 .debug_frame   0x000000000000381c       0xb0 C:/ST/STM32CubeIDE_1.13.0/STM32CubeIDE/plugins/com.st.stm32cube.ide.mcu.externaltools.gnu-tools-for-stm32.11.3.rel1.win32_1.1.0.202305231506/tools/bin/../lib/gcc/arm-none-eabi/11.3.1/../../../../arm-none-eabi/lib/thumb/v7-m/nofp\libc_nano.a(libc_a-lock.o)
 .debug_frame   0x00000000000038cc       0x38 C:/ST/STM32CubeIDE_1.13.0/STM32CubeIDE/plugins/com.st.stm32cube.ide.mcu.externaltools.gnu-tools-for-stm32.11.3.rel1.win32_1.1.0.202305231506/tools/bin/../lib/gcc/arm-none-eabi/11.3.1/../../../../arm-none-eabi/lib/thumb/v7-m/nofp\libc_nano.a(libc_a-freer.o)
 .debug_frame   0x0000000000003904       0x50 C:/ST/STM32CubeIDE_1.13.0/STM32CubeIDE/plugins/com.st.stm32cube.ide.mcu.externaltools.gnu-tools-for-stm32.11.3.rel1.win32_1.1.0.202305231506/tools/bin/../lib/gcc/arm-none-eabi/11.3.1/../../../../arm-none-eabi/lib/thumb/v7-m/nofp\libc_nano.a(libc_a-mallocr.o)
 .debug_frame   0x0000000000003954       0x30 C:/ST/STM32CubeIDE_1.13.0/STM32CubeIDE/plugins/com.st.stm32cube.ide.mcu.externaltools.gnu-tools-for-stm32.11.3.rel1.win32_1.1.0.202305231506/tools/bin/../lib/gcc/arm-none-eabi/11.3.1/../../../../arm-none-eabi/lib/thumb/v7-m/nofp\libc_nano.a(libc_a-mlock.o)
 .debug_frame   0x0000000000003984       0x90 C:/ST/STM32CubeIDE_1.13.0/STM32CubeIDE/plugins/com.st.stm32cube.ide.mcu.externaltools.gnu-tools-for-stm32.11.3.rel1.win32_1.1.0.202305231506/tools/bin/../lib/gcc/arm-none-eabi/11.3.1/../../../../arm-none-eabi/lib/thumb/v7-m/nofp\libc_nano.a(libc_a-nano-svfprintf.o)
 .debug_frame   0x0000000000003a14       0x60 C:/ST/STM32CubeIDE_1.13.0/STM32CubeIDE/plugins/com.st.stm32cube.ide.mcu.externaltools.gnu-tools-for-stm32.11.3.rel1.win32_1.1.0.202305231506/tools/bin/../lib/gcc/arm-none-eabi/11.3.1/../../../../arm-none-eabi/lib/thumb/v7-m/nofp\libc_nano.a(libc_a-nano-vfprintf_i.o)
 .debug_frame   0x0000000000003a74       0x28 C:/ST/STM32CubeIDE_1.13.0/STM32CubeIDE/plugins/com.st.stm32cube.ide.mcu.externaltools.gnu-tools-for-stm32.11.3.rel1.win32_1.1.0.202305231506/tools/bin/../lib/gcc/arm-none-eabi/11.3.1/../../../../arm-none-eabi/lib/thumb/v7-m/nofp\libc_nano.a(libc_a-memmove.o)
 .debug_frame   0x0000000000003a9c       0x2c C:/ST/STM32CubeIDE_1.13.0/STM32CubeIDE/plugins/com.st.stm32cube.ide.mcu.externaltools.gnu-tools-for-stm32.11.3.rel1.win32_1.1.0.202305231506/tools/bin/../lib/gcc/arm-none-eabi/11.3.1/../../../../arm-none-eabi/lib/thumb/v7-m/nofp\libc_nano.a(libc_a-sbrkr.o)
 .debug_frame   0x0000000000003ac8       0x28 C:/ST/STM32CubeIDE_1.13.0/STM32CubeIDE/plugins/com.st.stm32cube.ide.mcu.externaltools.gnu-tools-for-stm32.11.3.rel1.win32_1.1.0.202305231506/tools/bin/../lib/gcc/arm-none-eabi/11.3.1/../../../../arm-none-eabi/lib/thumb/v7-m/nofp\libc_nano.a(libc_a-memchr-stub.o)
 .debug_frame   0x0000000000003af0       0x28 C:/ST/STM32CubeIDE_1.13.0/STM32CubeIDE/plugins/com.st.stm32cube.ide.mcu.externaltools.gnu-tools-for-stm32.11.3.rel1.win32_1.1.0.202305231506/tools/bin/../lib/gcc/arm-none-eabi/11.3.1/../../../../arm-none-eabi/lib/thumb/v7-m/nofp\libc_nano.a(libc_a-memcpy-stub.o)
 .debug_frame   0x0000000000003b18       0x3c C:/ST/STM32CubeIDE_1.13.0/STM32CubeIDE/plugins/com.st.stm32cube.ide.mcu.externaltools.gnu-tools-for-stm32.11.3.rel1.win32_1.1.0.202305231506/tools/bin/../lib/gcc/arm-none-eabi/11.3.1/../../../../arm-none-eabi/lib/thumb/v7-m/nofp\libc_nano.a(libc_a-reallocr.o)
 .debug_frame   0x0000000000003b54       0x20 C:/ST/STM32CubeIDE_1.13.0/STM32CubeIDE/plugins/com.st.stm32cube.ide.mcu.externaltools.gnu-tools-for-stm32.11.3.rel1.win32_1.1.0.202305231506/tools/bin/../lib/gcc/arm-none-eabi/11.3.1/../../../../arm-none-eabi/lib/thumb/v7-m/nofp\libc_nano.a(libc_a-msizer.o)

.debug_line_str
                0x0000000000000000       0x62
 .debug_line_str
                0x0000000000000000       0x62 ./Core/Startup/startup_stm32f103c8tx.o
                                         0x7a (size before relaxing)
