../Core/Src/main.c:142:9:decToBcd	16	static
../Core/Src/main.c:147:5:bcdToDec	16	static
../Core/Src/main.c:166:6:Set_Time	48	static
../Core/Src/main.c:180:6:Get_Time	32	static
../Core/Src/main.c:202:5:main	40	static
../Core/Src/main.c:407:6:SystemClock_Config	72	static
../Core/Src/main.c:447:13:MX_I2C1_Init	8	static
../Core/Src/main.c:481:13:MX_TIM2_Init	32	static
../Core/Src/main.c:526:13:MX_TIM3_Init	32	static
../Core/Src/main.c:571:13:MX_TIM4_Init	32	static
../Core/Src/main.c:616:13:MX_GPIO_Init	40	static
../Core/Src/main.c:676:6:HAL_GPIO_EXTI_Callback	32	static
../Core/Src/main.c:966:6:doc_dht11	24	static
../Core/Src/main.c:1002:6:xu_ly_tick_dht11	24	static
../Core/Src/main.c:1020:6:HAL_TIM_PeriodElapsedCallback	32	static
../Core/Src/main.c:1052:6:Error_Handler	4	static,ignoring_inline_asm
